stm32f3xx_hal_adc_ex.c:572:19:HAL_ADC_Init	32	static
stm32f3xx_hal_adc_ex.c:1042:19:HAL_ADC_DeInit	24	static
stm32f3xx_hal_adc_ex.c:1356:19:HAL_ADC_Start	24	static
stm32f3xx_hal_adc_ex.c:1498:19:HAL_ADC_Stop	24	static
stm32f3xx_hal_adc_ex.c:1717:19:HAL_ADC_PollForConversion	32	static
stm32f3xx_hal_adc_ex.c:1974:19:HAL_ADC_PollForEvent	32	static
stm32f3xx_hal_adc_ex.c:2174:19:HAL_ADC_Start_IT	24	static
stm32f3xx_hal_adc_ex.c:2323:19:HAL_ADC_Stop_IT	24	static
stm32f3xx_hal_adc_ex.c:2530:19:HAL_ADC_Start_DMA	32	static
stm32f3xx_hal_adc_ex.c:2731:19:HAL_ADC_Stop_DMA	24	static
stm32f3xx_hal_adc_ex.c:2837:10:HAL_ADC_GetValue	16	static
stm32f3xx_hal_adc_ex.c:3177:6:HAL_ADC_IRQHandler	16	static
stm32f3xx_hal_adc_ex.c:3395:19:HAL_ADCEx_Calibration_Start	32	static
stm32f3xx_hal_adc_ex.c:3702:19:HAL_ADCEx_InjectedStart	24	static
stm32f3xx_hal_adc_ex.c:3878:19:HAL_ADCEx_InjectedStop	24	static
stm32f3xx_hal_adc_ex.c:4035:19:HAL_ADCEx_InjectedPollForConversion	32	static
stm32f3xx_hal_adc_ex.c:4283:19:HAL_ADCEx_InjectedStart_IT	24	static
stm32f3xx_hal_adc_ex.c:4471:19:HAL_ADCEx_InjectedStop_IT	24	static
stm32f3xx_hal_adc_ex.c:4920:10:HAL_ADCEx_InjectedGetValue	24	static
stm32f3xx_hal_adc_ex.c:5379:13:HAL_ADCEx_InjectedConvCpltCallback	16	static
stm32f3xx_hal_adc_ex.c:5830:19:HAL_ADC_ConfigChannel	24	static
stm32f3xx_hal_adc_ex.c:6468:19:HAL_ADCEx_InjectedConfigChannel	24	static
stm32f3xx_hal_adc_ex.c:6919:19:HAL_ADC_AnalogWDGConfig	16	static
stm32f3xx_hal_adc_ex.c:7129:13:ADC_DMAConvCplt	24	static
stm32f3xx_hal_adc_ex.c:7176:13:ADC_DMAHalfConvCplt	24	static
stm32f3xx_hal_adc_ex.c:7194:13:ADC_DMAError	24	static
stm32f3xx_hal_adc_ex.c:7458:26:ADC_Enable	24	static
stm32f3xx_hal_adc_ex.c:7511:26:ADC_ConversionStop_Disable	24	static
