main.c:108:5:main	16	static
main.c:224:6:SystemClock_Config	112	static
main.c:272:13:MX_ADC1_Init	24	static
main.c:341:13:MX_DAC1_Init	24	static
main.c:385:13:MX_DAC2_Init	24	static
main.c:423:13:MX_SDADC1_Init	24	static
main.c:529:13:MX_SDADC3_Init	24	static
main.c:622:13:MX_TIM2_Init	64	static
main.c:681:13:MX_TIM3_Init	64	static
main.c:744:13:MX_TIM4_Init	64	static
main.c:811:13:MX_TIM5_Init	64	static
main.c:878:13:MX_TIM6_Init	16	static
main.c:916:13:MX_TIM19_Init	32	static
main.c:961:13:MX_USART1_UART_Init	8	static
main.c:994:13:MX_DMA_Init	16	static
main.c:1015:13:MX_GPIO_Init	56	static
main.c:1049:6:HAL_UART_RxCpltCallback	24	static
main.c:1070:6:HAL_SDADC_InjectedConvCpltCallback	16	static
main.c:1080:6:read_PWM_DAC_periods_send_measurement_back	32	static
main.c:1104:6:fill_uint16_array	32	static
main.c:1112:6:fill_TX_DATA_16	32	static
main.c:1120:6:fill_TX_DATA_8	32	static
main.c:1127:6:read_PWM_TIM_prescalers_from_memory	16	static
main.c:1136:6:write_PWM_TIM_prescalers_to_memory	40	dynamic
main.c:1150:6:Error_Handler	4	static,ignoring_inline_asm
