main.c:110:5:main	16	static
main.c:226:6:SystemClock_Config	112	static
main.c:274:13:MX_ADC1_Init	24	static
main.c:343:13:MX_DAC1_Init	24	static
main.c:387:13:MX_DAC2_Init	24	static
main.c:425:13:MX_SDADC1_Init	24	static
main.c:531:13:MX_SDADC3_Init	24	static
main.c:624:13:MX_TIM2_Init	64	static
main.c:683:13:MX_TIM3_Init	64	static
main.c:746:13:MX_TIM4_Init	64	static
main.c:813:13:MX_TIM5_Init	64	static
main.c:880:13:MX_TIM6_Init	16	static
main.c:918:13:MX_TIM19_Init	32	static
main.c:963:13:MX_USART1_UART_Init	8	static
main.c:996:13:MX_DMA_Init	16	static
main.c:1017:13:MX_GPIO_Init	56	static
main.c:1051:6:HAL_UART_RxCpltCallback	24	static
main.c:1077:6:HAL_SDADC_InjectedConvCpltCallback	16	static
main.c:1088:6:is_ready	16	static
main.c:1095:6:is_not_ready	16	static
main.c:1101:6:read_PWM_DAC_periods_send_measurement_back	32	static
main.c:1125:6:fill_uint16_array	32	static
main.c:1132:6:fill_TX_DATA_16	32	static
main.c:1140:6:fill_TX_DATA_8	32	static
main.c:1147:6:read_PWM_TIM_prescalers_from_memory	16	static
main.c:1156:6:write_PWM_TIM_prescalers_to_memory	40	dynamic
main.c:1171:6:Error_Handler	4	static,ignoring_inline_asm
