Archive member included to satisfy reference by file (symbol)

/home/dell/program/STM32CubeIde/plugins/com.st.stm32cube.ide.mcu.externaltools.gnu-tools-for-stm32.7-2018-q2-update.linux64_1.5.0.202011040924/tools/bin/../lib/gcc/arm-none-eabi/7.3.1/../../../../arm-none-eabi/lib/thumb/v7e-m/fpv4-sp/hard/libc_nano.a(lib_a-errno.o)
                              Core/Src/syscalls.o (__errno)
/home/dell/program/STM32CubeIde/plugins/com.st.stm32cube.ide.mcu.externaltools.gnu-tools-for-stm32.7-2018-q2-update.linux64_1.5.0.202011040924/tools/bin/../lib/gcc/arm-none-eabi/7.3.1/../../../../arm-none-eabi/lib/thumb/v7e-m/fpv4-sp/hard/libc_nano.a(lib_a-exit.o)
                              /home/dell/program/STM32CubeIde/plugins/com.st.stm32cube.ide.mcu.externaltools.gnu-tools-for-stm32.7-2018-q2-update.linux64_1.5.0.202011040924/tools/bin/../lib/gcc/arm-none-eabi/7.3.1/../../../../arm-none-eabi/lib/thumb/v7e-m/fpv4-sp/hard/crt0.o (exit)
/home/dell/program/STM32CubeIde/plugins/com.st.stm32cube.ide.mcu.externaltools.gnu-tools-for-stm32.7-2018-q2-update.linux64_1.5.0.202011040924/tools/bin/../lib/gcc/arm-none-eabi/7.3.1/../../../../arm-none-eabi/lib/thumb/v7e-m/fpv4-sp/hard/libc_nano.a(lib_a-impure.o)
                              /home/dell/program/STM32CubeIde/plugins/com.st.stm32cube.ide.mcu.externaltools.gnu-tools-for-stm32.7-2018-q2-update.linux64_1.5.0.202011040924/tools/bin/../lib/gcc/arm-none-eabi/7.3.1/../../../../arm-none-eabi/lib/thumb/v7e-m/fpv4-sp/hard/libc_nano.a(lib_a-exit.o) (_global_impure_ptr)
/home/dell/program/STM32CubeIde/plugins/com.st.stm32cube.ide.mcu.externaltools.gnu-tools-for-stm32.7-2018-q2-update.linux64_1.5.0.202011040924/tools/bin/../lib/gcc/arm-none-eabi/7.3.1/../../../../arm-none-eabi/lib/thumb/v7e-m/fpv4-sp/hard/libc_nano.a(lib_a-init.o)
                              /home/dell/program/STM32CubeIde/plugins/com.st.stm32cube.ide.mcu.externaltools.gnu-tools-for-stm32.7-2018-q2-update.linux64_1.5.0.202011040924/tools/bin/../lib/gcc/arm-none-eabi/7.3.1/../../../../arm-none-eabi/lib/thumb/v7e-m/fpv4-sp/hard/crt0.o (__libc_init_array)
/home/dell/program/STM32CubeIde/plugins/com.st.stm32cube.ide.mcu.externaltools.gnu-tools-for-stm32.7-2018-q2-update.linux64_1.5.0.202011040924/tools/bin/../lib/gcc/arm-none-eabi/7.3.1/../../../../arm-none-eabi/lib/thumb/v7e-m/fpv4-sp/hard/libc_nano.a(lib_a-memset.o)
                              /home/dell/program/STM32CubeIde/plugins/com.st.stm32cube.ide.mcu.externaltools.gnu-tools-for-stm32.7-2018-q2-update.linux64_1.5.0.202011040924/tools/bin/../lib/gcc/arm-none-eabi/7.3.1/../../../../arm-none-eabi/lib/thumb/v7e-m/fpv4-sp/hard/crt0.o (memset)

Allocating common symbols
Common symbol       size              file

hdac2               0x14              Core/Src/main.o
htim4               0x4c              Core/Src/main.o
hdac1               0x14              Core/Src/main.o
htim19              0x4c              Core/Src/main.o
uwTick              0x4               Drivers/STM32F3xx_HAL_Driver/Src/stm32f3xx_hal.o
pFlash              0x20              Drivers/STM32F3xx_HAL_Driver/Src/stm32f3xx_hal_flash.o
htim5               0x4c              Core/Src/main.o
htim3               0x4c              Core/Src/main.o
hadc1               0x30              Core/Src/main.o
hdma_usart1_rx      0x44              Core/Src/main.o
huart1              0x84              Core/Src/main.o
hsdadc1             0x44              Core/Src/main.o
hdma_adc1           0x44              Core/Src/main.o
htim6               0x4c              Core/Src/main.o
htim2               0x4c              Core/Src/main.o
hsdadc3             0x44              Core/Src/main.o

Discarded input sections

 .text          0x0000000000000000        0x0 /home/dell/program/STM32CubeIde/plugins/com.st.stm32cube.ide.mcu.externaltools.gnu-tools-for-stm32.7-2018-q2-update.linux64_1.5.0.202011040924/tools/bin/../lib/gcc/arm-none-eabi/7.3.1/thumb/v7e-m/fpv4-sp/hard/crti.o
 .data          0x0000000000000000        0x0 /home/dell/program/STM32CubeIde/plugins/com.st.stm32cube.ide.mcu.externaltools.gnu-tools-for-stm32.7-2018-q2-update.linux64_1.5.0.202011040924/tools/bin/../lib/gcc/arm-none-eabi/7.3.1/thumb/v7e-m/fpv4-sp/hard/crti.o
 .bss           0x0000000000000000        0x0 /home/dell/program/STM32CubeIde/plugins/com.st.stm32cube.ide.mcu.externaltools.gnu-tools-for-stm32.7-2018-q2-update.linux64_1.5.0.202011040924/tools/bin/../lib/gcc/arm-none-eabi/7.3.1/thumb/v7e-m/fpv4-sp/hard/crti.o
 .data          0x0000000000000000        0x4 /home/dell/program/STM32CubeIde/plugins/com.st.stm32cube.ide.mcu.externaltools.gnu-tools-for-stm32.7-2018-q2-update.linux64_1.5.0.202011040924/tools/bin/../lib/gcc/arm-none-eabi/7.3.1/thumb/v7e-m/fpv4-sp/hard/crtbegin.o
[...]
Memory Configuration

Name             Origin             Length             Attributes
RAM              0x0000000020000000 0x0000000000008000 xrw
FLASH            0x0000000008000000 0x0000000000040000 xr
*default*        0x0000000000000000 0xffffffffffffffff

Linker script and memory map

LOAD /home/dell/program/STM32CubeIde/plugins/com.st.stm32cube.ide.mcu.externaltools.gnu-tools-for-stm32.7-2018-q2-update.linux64_1.5.0.202011040924/tools/bin/../lib/gcc/arm-none-eabi/7.3.1/thumb/v7e-m/fpv4-sp/hard/crti.o
LOAD /home/dell/program/STM32CubeIde/plugins/com.st.stm32cube.ide.mcu.externaltools.gnu-tools-for-stm32.7-2018-q2-update.linux64_1.5.0.202011040924/tools/bin/../lib/gcc/arm-none-eabi/7.3.1/thumb/v7e-m/fpv4-sp/hard/crtbegin.o
LOAD /home/dell/program/STM32CubeIde/plugins/com.st.stm32cube.ide.mcu.externaltools.gnu-tools-for-stm32.7-2018-q2-update.linux64_1.5.0.202011040924/tools/bin/../lib/gcc/arm-none-eabi/7.3.1/../../../../arm-none-eabi/lib/thumb/v7e-m/fpv4-sp/hard/crt0.o
LOAD Core/Src/FlashMemory_F3/ReadWrite.o
LOAD Core/Src/main.o
LOAD Core/Src/stm32f3xx_hal_msp.o
LOAD Core/Src/stm32f3xx_it.o
LOAD Core/Src/syscalls.o
LOAD Core/Src/sysmem.o
LOAD Core/Src/system_stm32f3xx.o
LOAD Core/Startup/startup_stm32f373cctx.o
LOAD Drivers/STM32F3xx_HAL_Driver/Src/stm32f3xx_hal.o
LOAD Drivers/STM32F3xx_HAL_Driver/Src/stm32f3xx_hal_adc.o
LOAD Drivers/STM32F3xx_HAL_Driver/Src/stm32f3xx_hal_adc_ex.o
LOAD Drivers/STM32F3xx_HAL_Driver/Src/stm32f3xx_hal_cortex.o
LOAD Drivers/STM32F3xx_HAL_Driver/Src/stm32f3xx_hal_dac.o
LOAD Drivers/STM32F3xx_HAL_Driver/Src/stm32f3xx_hal_dac_ex.o
LOAD Drivers/STM32F3xx_HAL_Driver/Src/stm32f3xx_hal_dma.o
LOAD Drivers/STM32F3xx_HAL_Driver/Src/stm32f3xx_hal_exti.o
LOAD Drivers/STM32F3xx_HAL_Driver/Src/stm32f3xx_hal_flash.o
LOAD Drivers/STM32F3xx_HAL_Driver/Src/stm32f3xx_hal_flash_ex.o
LOAD Drivers/STM32F3xx_HAL_Driver/Src/stm32f3xx_hal_gpio.o
LOAD Drivers/STM32F3xx_HAL_Driver/Src/stm32f3xx_hal_i2c.o
LOAD Drivers/STM32F3xx_HAL_Driver/Src/stm32f3xx_hal_i2c_ex.o
LOAD Drivers/STM32F3xx_HAL_Driver/Src/stm32f3xx_hal_pwr.o
LOAD Drivers/STM32F3xx_HAL_Driver/Src/stm32f3xx_hal_pwr_ex.o
LOAD Drivers/STM32F3xx_HAL_Driver/Src/stm32f3xx_hal_rcc.o
LOAD Drivers/STM32F3xx_HAL_Driver/Src/stm32f3xx_hal_rcc_ex.o
LOAD Drivers/STM32F3xx_HAL_Driver/Src/stm32f3xx_hal_sdadc.o
LOAD Drivers/STM32F3xx_HAL_Driver/Src/stm32f3xx_hal_tim.o
LOAD Drivers/STM32F3xx_HAL_Driver/Src/stm32f3xx_hal_tim_ex.o
LOAD Drivers/STM32F3xx_HAL_Driver/Src/stm32f3xx_hal_uart.o
LOAD Drivers/STM32F3xx_HAL_Driver/Src/stm32f3xx_hal_uart_ex.o
START GROUP
LOAD /home/dell/program/STM32CubeIde/plugins/com.st.stm32cube.ide.mcu.externaltools.gnu-tools-for-stm32.7-2018-q2-update.linux64_1.5.0.202011040924/tools/bin/../lib/gcc/arm-none-eabi/7.3.1/../../../../arm-none-eabi/lib/thumb/v7e-m/fpv4-sp/hard/libc_nano.a
LOAD /home/dell/program/STM32CubeIde/plugins/com.st.stm32cube.ide.mcu.externaltools.gnu-tools-for-stm32.7-2018-q2-update.linux64_1.5.0.202011040924/tools/bin/../lib/gcc/arm-none-eabi/7.3.1/../../../../arm-none-eabi/lib/thumb/v7e-m/fpv4-sp/hard/libm.a
END GROUP
START GROUP
LOAD /home/dell/program/STM32CubeIde/plugins/com.st.stm32cube.ide.mcu.externaltools.gnu-tools-for-stm32.7-2018-q2-update.linux64_1.5.0.202011040924/tools/bin/../lib/gcc/arm-none-eabi/7.3.1/thumb/v7e-m/fpv4-sp/hard/libgcc.a
LOAD /home/dell/program/STM32CubeIde/plugins/com.st.stm32cube.ide.mcu.externaltools.gnu-tools-for-stm32.7-2018-q2-update.linux64_1.5.0.202011040924/tools/bin/../lib/gcc/arm-none-eabi/7.3.1/../../../../arm-none-eabi/lib/thumb/v7e-m/fpv4-sp/hard/libc_nano.a
END GROUP
START GROUP
LOAD /home/dell/program/STM32CubeIde/plugins/com.st.stm32cube.ide.mcu.externaltools.gnu-tools-for-stm32.7-2018-q2-update.linux64_1.5.0.202011040924/tools/bin/../lib/gcc/arm-none-eabi/7.3.1/thumb/v7e-m/fpv4-sp/hard/libgcc.a
LOAD /home/dell/program/STM32CubeIde/plugins/com.st.stm32cube.ide.mcu.externaltools.gnu-tools-for-stm32.7-2018-q2-update.linux64_1.5.0.202011040924/tools/bin/../lib/gcc/arm-none-eabi/7.3.1/../../../../arm-none-eabi/lib/thumb/v7e-m/fpv4-sp/hard/libc_nano.a
LOAD /home/dell/program/STM32CubeIde/plugins/com.st.stm32cube.ide.mcu.externaltools.gnu-tools-for-stm32.7-2018-q2-update.linux64_1.5.0.202011040924/tools/bin/../lib/gcc/arm-none-eabi/7.3.1/../../../../arm-none-eabi/lib/thumb/v7e-m/fpv4-sp/hard/libnosys.a
END GROUP
START GROUP
LOAD /home/dell/program/STM32CubeIde/plugins/com.st.stm32cube.ide.mcu.externaltools.gnu-tools-for-stm32.7-2018-q2-update.linux64_1.5.0.202011040924/tools/bin/../lib/gcc/arm-none-eabi/7.3.1/thumb/v7e-m/fpv4-sp/hard/libgcc.a
LOAD /home/dell/program/STM32CubeIde/plugins/com.st.stm32cube.ide.mcu.externaltools.gnu-tools-for-stm32.7-2018-q2-update.linux64_1.5.0.202011040924/tools/bin/../lib/gcc/arm-none-eabi/7.3.1/../../../../arm-none-eabi/lib/thumb/v7e-m/fpv4-sp/hard/libc_nano.a
LOAD /home/dell/program/STM32CubeIde/plugins/com.st.stm32cube.ide.mcu.externaltools.gnu-tools-for-stm32.7-2018-q2-update.linux64_1.5.0.202011040924/tools/bin/../lib/gcc/arm-none-eabi/7.3.1/../../../../arm-none-eabi/lib/thumb/v7e-m/fpv4-sp/hard/libnosys.a
END GROUP
LOAD /home/dell/program/STM32CubeIde/plugins/com.st.stm32cube.ide.mcu.externaltools.gnu-tools-for-stm32.7-2018-q2-update.linux64_1.5.0.202011040924/tools/bin/../lib/gcc/arm-none-eabi/7.3.1/thumb/v7e-m/fpv4-sp/hard/crtend.o
LOAD /home/dell/program/STM32CubeIde/plugins/com.st.stm32cube.ide.mcu.externaltools.gnu-tools-for-stm32.7-2018-q2-update.linux64_1.5.0.202011040924/tools/bin/../lib/gcc/arm-none-eabi/7.3.1/thumb/v7e-m/fpv4-sp/hard/crtn.o
                0x0000000020008000                _estack = (ORIGIN (RAM) + LENGTH (RAM))
                0x0000000000000200                _Min_Heap_Size = 0x200
                0x0000000000000400                _Min_Stack_Size = 0x400

.isr_vector     0x0000000008000000      0x188
                0x0000000008000000                . = ALIGN (0x4)
 *(.isr_vector)
 .isr_vector    0x0000000008000000      0x188 Core/Startup/startup_stm32f373cctx.o
                0x0000000008000000                g_pfnVectors
                0x0000000008000188                . = ALIGN (0x4)

.text           0x0000000008000188     0x6978
                0x0000000008000188                . = ALIGN (0x4)
 *(.text)
 .text          0x0000000008000188       0x40 /home/dell/program/STM32CubeIde/plugins/com.st.stm32cube.ide.mcu.externaltools.gnu-tools-for-stm32.7-2018-q2-update.linux64_1.5.0.202011040924/tools/bin/../lib/gcc/arm-none-eabi/7.3.1/thumb/v7e-m/fpv4-sp/hard/crtbegin.o
 *(.text*)
 .text.erase    0x00000000080001c8       0x38 Core/Src/FlashMemory_F3/ReadWrite.o
 .text.FlashSetAddrs
                0x0000000008000200       0x20 Core/Src/FlashMemory_F3/ReadWrite.o
                0x0000000008000200                FlashSetAddrs
 .text.FlashWriteN
                0x0000000008000220      0x14c Core/Src/FlashMemory_F3/ReadWrite.o
                0x0000000008000220                FlashWriteN
 .text.FlashReadN
                0x000000000800036c      0x118 Core/Src/FlashMemory_F3/ReadWrite.o
                0x000000000800036c                FlashReadN
 .text.main     0x0000000008000484      0x230 Core/Src/main.o
                0x0000000008000484                main
 .text.SystemClock_Config
                0x00000000080006b4       0xbc Core/Src/main.o
                0x00000000080006b4                SystemClock_Config
 .text.MX_ADC1_Init
                0x0000000008000770       0xd0 Core/Src/main.o
 .text.MX_DAC1_Init
                0x0000000008000840       0x6c Core/Src/main.o
 .text.MX_DAC2_Init
                0x00000000080008ac       0x54 Core/Src/main.o
 .text.MX_SDADC1_Init
                0x0000000008000900      0x168 Core/Src/main.o
 .text.MX_SDADC3_Init
                0x0000000008000a68      0x13c Core/Src/main.o
 .text.MX_TIM2_Init
                0x0000000008000ba4       0xec Core/Src/main.o
 .text.MX_TIM3_Init
                0x0000000008000c90      0x104 Core/Src/main.o
 .text.MX_TIM4_Init
                0x0000000008000d94      0x118 Core/Src/main.o
 .text.MX_TIM5_Init
                0x0000000008000eac      0x118 Core/Src/main.o
 .text.MX_TIM6_Init
                0x0000000008000fc4       0x6c Core/Src/main.o
 .text.MX_TIM19_Init
                0x0000000008001030       0x9c Core/Src/main.o
 .text.MX_USART1_UART_Init
                0x00000000080010cc       0x60 Core/Src/main.o
 .text.MX_DMA_Init
                0x000000000800112c       0x4c Core/Src/main.o
 .text.MX_GPIO_Init
                0x0000000008001178      0x10c Core/Src/main.o
 .text.HAL_UART_RxCpltCallback
                0x0000000008001284       0x34 Core/Src/main.o
                0x0000000008001284                HAL_UART_RxCpltCallback
 .text.HAL_SDADC_InjectedConvCpltCallback
                0x00000000080012b8       0x68 Core/Src/main.o
                0x00000000080012b8                HAL_SDADC_InjectedConvCpltCallback
 .text.read_PWM_DAC_periods_send_measurement_back
                0x0000000008001320       0xe4 Core/Src/main.o
                0x0000000008001320                read_PWM_DAC_periods_send_measurement_back
 .text.fill_uint16_array
                0x0000000008001404       0x6e Core/Src/main.o
                0x0000000008001404                fill_uint16_array
 .text.fill_TX_DATA_16
                0x0000000008001472       0x74 Core/Src/main.o
                0x0000000008001472                fill_TX_DATA_16
 .text.fill_TX_DATA_8
                0x00000000080014e6       0x50 Core/Src/main.o
                0x00000000080014e6                fill_TX_DATA_8
 *fill*         0x0000000008001536        0x2 
 .text.read_PWM_TIM_prescalers_from_memory
                0x0000000008001538       0x5c Core/Src/main.o
                0x0000000008001538                read_PWM_TIM_prescalers_from_memory
 .text.write_PWM_TIM_prescalers_to_memory
                0x0000000008001594       0x88 Core/Src/main.o
                0x0000000008001594                write_PWM_TIM_prescalers_to_memory
 .text.Error_Handler
                0x000000000800161c        0x8 Core/Src/main.o
                0x000000000800161c                Error_Handler
 .text.HAL_MspInit
                0x0000000008001624       0x48 Core/Src/stm32f3xx_hal_msp.o
                0x0000000008001624                HAL_MspInit
 .text.HAL_ADC_MspInit
                0x000000000800166c       0xd4 Core/Src/stm32f3xx_hal_msp.o
                0x000000000800166c                HAL_ADC_MspInit
 .text.HAL_DAC_MspInit
                0x0000000008001740       0xd8 Core/Src/stm32f3xx_hal_msp.o
                0x0000000008001740                HAL_DAC_MspInit
 .text.HAL_SDADC_MspInit
                0x0000000008001818      0x164 Core/Src/stm32f3xx_hal_msp.o
                0x0000000008001818                HAL_SDADC_MspInit
 .text.HAL_TIM_Base_MspInit
                0x000000000800197c      0x104 Core/Src/stm32f3xx_hal_msp.o
                0x000000000800197c                HAL_TIM_Base_MspInit
 .text.HAL_TIM_MspPostInit
                0x0000000008001a80      0x188 Core/Src/stm32f3xx_hal_msp.o
                0x0000000008001a80                HAL_TIM_MspPostInit
 .text.HAL_UART_MspInit
                0x0000000008001c08       0xdc Core/Src/stm32f3xx_hal_msp.o
                0x0000000008001c08                HAL_UART_MspInit
 .text.NMI_Handler
                0x0000000008001ce4        0x6 Core/Src/stm32f3xx_it.o
                0x0000000008001ce4                NMI_Handler
 .text.HardFault_Handler
                0x0000000008001cea        0x6 Core/Src/stm32f3xx_it.o
                0x0000000008001cea                HardFault_Handler
 .text.MemManage_Handler
                0x0000000008001cf0        0x6 Core/Src/stm32f3xx_it.o
                0x0000000008001cf0                MemManage_Handler
 .text.BusFault_Handler
                0x0000000008001cf6        0x6 Core/Src/stm32f3xx_it.o
                0x0000000008001cf6                BusFault_Handler
 .text.UsageFault_Handler
                0x0000000008001cfc        0x6 Core/Src/stm32f3xx_it.o
                0x0000000008001cfc                UsageFault_Handler
 .text.SVC_Handler
                0x0000000008001d02        0xe Core/Src/stm32f3xx_it.o
                0x0000000008001d02                SVC_Handler
 .text.DebugMon_Handler
                0x0000000008001d10        0xe Core/Src/stm32f3xx_it.o
                0x0000000008001d10                DebugMon_Handler
 .text.PendSV_Handler
                0x0000000008001d1e        0xe Core/Src/stm32f3xx_it.o
                0x0000000008001d1e                PendSV_Handler
 .text.SysTick_Handler
                0x0000000008001d2c        0xc Core/Src/stm32f3xx_it.o
                0x0000000008001d2c                SysTick_Handler
 .text.DMA1_Channel1_IRQHandler
                0x0000000008001d38       0x14 Core/Src/stm32f3xx_it.o
                0x0000000008001d38                DMA1_Channel1_IRQHandler
 .text.DMA1_Channel5_IRQHandler
                0x0000000008001d4c       0x14 Core/Src/stm32f3xx_it.o
                0x0000000008001d4c                DMA1_Channel5_IRQHandler
 .text.SDADC1_IRQHandler
                0x0000000008001d60       0x14 Core/Src/stm32f3xx_it.o
                0x0000000008001d60                SDADC1_IRQHandler
 .text.SDADC3_IRQHandler
                0x0000000008001d74       0x14 Core/Src/stm32f3xx_it.o
                0x0000000008001d74                SDADC3_IRQHandler
 .text.SystemInit
                0x0000000008001d88       0x24 Core/Src/system_stm32f3xx.o
                0x0000000008001d88                SystemInit
 .text.Reset_Handler
                0x0000000008001dac       0x50 Core/Startup/startup_stm32f373cctx.o
                0x0000000008001dac                Reset_Handler
 .text.Default_Handler
                0x0000000008001dfc        0x2 Core/Startup/startup_stm32f373cctx.o
                0x0000000008001dfc                RTC_Alarm_IRQHandler
                0x0000000008001dfc                USB_HP_IRQHandler
                0x0000000008001dfc                PVD_IRQHandler
                0x0000000008001dfc                TAMP_STAMP_IRQHandler
                0x0000000008001dfc                EXTI3_IRQHandler
                0x0000000008001dfc                EXTI0_IRQHandler
                0x0000000008001dfc                I2C2_EV_IRQHandler
                0x0000000008001dfc                FPU_IRQHandler
                0x0000000008001dfc                CAN_TX_IRQHandler
                0x0000000008001dfc                SPI1_IRQHandler
                0x0000000008001dfc                CAN_SCE_IRQHandler
                0x0000000008001dfc                DMA2_Channel2_IRQHandler
                0x0000000008001dfc                DMA1_Channel4_IRQHandler
                0x0000000008001dfc                ADC1_IRQHandler
                0x0000000008001dfc                TIM17_IRQHandler
                0x0000000008001dfc                USART3_IRQHandler
                0x0000000008001dfc                DMA1_Channel7_IRQHandler
                0x0000000008001dfc                TIM4_IRQHandler
                0x0000000008001dfc                CAN_RX1_IRQHandler
                0x0000000008001dfc                DMA2_Channel1_IRQHandler
                0x0000000008001dfc                I2C1_EV_IRQHandler
                0x0000000008001dfc                DMA1_Channel6_IRQHandler
                0x0000000008001dfc                TIM16_IRQHandler
                0x0000000008001dfc                DMA2_Channel4_IRQHandler
                0x0000000008001dfc                TIM3_IRQHandler
                0x0000000008001dfc                RCC_IRQHandler
                0x0000000008001dfc                Default_Handler
                0x0000000008001dfc                CEC_IRQHandler
                0x0000000008001dfc                EXTI15_10_IRQHandler
                0x0000000008001dfc                TIM14_IRQHandler
                0x0000000008001dfc                TIM13_IRQHandler
                0x0000000008001dfc                TIM12_IRQHandler
                0x0000000008001dfc                TIM7_IRQHandler
                0x0000000008001dfc                TIM5_IRQHandler
                0x0000000008001dfc                SDADC2_IRQHandler
                0x0000000008001dfc                TIM15_IRQHandler
                0x0000000008001dfc                TIM6_DAC1_IRQHandler
                0x0000000008001dfc                EXTI9_5_IRQHandler
                0x0000000008001dfc                RTC_WKUP_IRQHandler
                0x0000000008001dfc                SPI2_IRQHandler
                0x0000000008001dfc                DMA2_Channel5_IRQHandler
                0x0000000008001dfc                USB_LP_IRQHandler
                0x0000000008001dfc                EXTI4_IRQHandler
                0x0000000008001dfc                COMP1_2_IRQHandler
                0x0000000008001dfc                TIM18_DAC2_IRQHandler
                0x0000000008001dfc                DMA1_Channel3_IRQHandler
                0x0000000008001dfc                WWDG_IRQHandler
                0x0000000008001dfc                TIM2_IRQHandler
                0x0000000008001dfc                EXTI1_IRQHandler
                0x0000000008001dfc                USART2_IRQHandler
                0x0000000008001dfc                TIM19_IRQHandler
                0x0000000008001dfc                I2C2_ER_IRQHandler
                0x0000000008001dfc                DMA1_Channel2_IRQHandler
                0x0000000008001dfc                FLASH_IRQHandler
                0x0000000008001dfc                USART1_IRQHandler
                0x0000000008001dfc                SPI3_IRQHandler
                0x0000000008001dfc                CAN_RX0_IRQHandler
                0x0000000008001dfc                I2C1_ER_IRQHandler
                0x0000000008001dfc                USBWakeUp_IRQHandler
                0x0000000008001dfc                DMA2_Channel3_IRQHandler
                0x0000000008001dfc                EXTI2_TSC_IRQHandler
 *fill*         0x0000000008001dfe        0x2 
 .text.HAL_Init
                0x0000000008001e00       0x2c Drivers/STM32F3xx_HAL_Driver/Src/stm32f3xx_hal.o
                0x0000000008001e00                HAL_Init
 .text.HAL_InitTick
                0x0000000008001e2c       0x60 Drivers/STM32F3xx_HAL_Driver/Src/stm32f3xx_hal.o
                0x0000000008001e2c                HAL_InitTick
 .text.HAL_IncTick
                0x0000000008001e8c       0x28 Drivers/STM32F3xx_HAL_Driver/Src/stm32f3xx_hal.o
                0x0000000008001e8c                HAL_IncTick
 .text.HAL_GetTick
                0x0000000008001eb4       0x18 Drivers/STM32F3xx_HAL_Driver/Src/stm32f3xx_hal.o
                0x0000000008001eb4                HAL_GetTick
 .text.HAL_Delay
                0x0000000008001ecc       0x44 Drivers/STM32F3xx_HAL_Driver/Src/stm32f3xx_hal.o
                0x0000000008001ecc                HAL_Delay
 .text.HAL_ADC_ConvCpltCallback
                0x0000000008001f10       0x14 Drivers/STM32F3xx_HAL_Driver/Src/stm32f3xx_hal_adc.o
                0x0000000008001f10                HAL_ADC_ConvCpltCallback
 .text.HAL_ADC_ConvHalfCpltCallback
                0x0000000008001f24       0x14 Drivers/STM32F3xx_HAL_Driver/Src/stm32f3xx_hal_adc.o
                0x0000000008001f24                HAL_ADC_ConvHalfCpltCallback
 .text.HAL_ADC_ErrorCallback
                0x0000000008001f38       0x14 Drivers/STM32F3xx_HAL_Driver/Src/stm32f3xx_hal_adc.o
                0x0000000008001f38                HAL_ADC_ErrorCallback
 .text.HAL_ADC_Init
                0x0000000008001f4c      0x1b0 Drivers/STM32F3xx_HAL_Driver/Src/stm32f3xx_hal_adc_ex.o
                0x0000000008001f4c                HAL_ADC_Init
 .text.HAL_ADC_Start_DMA
                0x00000000080020fc      0x120 Drivers/STM32F3xx_HAL_Driver/Src/stm32f3xx_hal_adc_ex.o
                0x00000000080020fc                HAL_ADC_Start_DMA
 .text.HAL_ADC_ConfigChannel
                0x000000000800221c      0x1e0 Drivers/STM32F3xx_HAL_Driver/Src/stm32f3xx_hal_adc_ex.o
                0x000000000800221c                HAL_ADC_ConfigChannel
 .text.ADC_DMAConvCplt
                0x00000000080023fc       0x7c Drivers/STM32F3xx_HAL_Driver/Src/stm32f3xx_hal_adc_ex.o
 .text.ADC_DMAHalfConvCplt
                0x0000000008002478       0x1c Drivers/STM32F3xx_HAL_Driver/Src/stm32f3xx_hal_adc_ex.o
 .text.ADC_DMAError
                0x0000000008002494       0x34 Drivers/STM32F3xx_HAL_Driver/Src/stm32f3xx_hal_adc_ex.o
 .text.ADC_Enable
                0x00000000080024c8       0xa4 Drivers/STM32F3xx_HAL_Driver/Src/stm32f3xx_hal_adc_ex.o
 .text.ADC_ConversionStop_Disable
                0x000000000800256c       0x74 Drivers/STM32F3xx_HAL_Driver/Src/stm32f3xx_hal_adc_ex.o
 .text.__NVIC_SetPriorityGrouping
                0x00000000080025e0       0x48 Drivers/STM32F3xx_HAL_Driver/Src/stm32f3xx_hal_cortex.o
 .text.__NVIC_GetPriorityGrouping
                0x0000000008002628       0x1c Drivers/STM32F3xx_HAL_Driver/Src/stm32f3xx_hal_cortex.o
 .text.__NVIC_EnableIRQ
                0x0000000008002644       0x3c Drivers/STM32F3xx_HAL_Driver/Src/stm32f3xx_hal_cortex.o
 .text.__NVIC_SetPriority
                0x0000000008002680       0x54 Drivers/STM32F3xx_HAL_Driver/Src/stm32f3xx_hal_cortex.o
 .text.NVIC_EncodePriority
                0x00000000080026d4       0x66 Drivers/STM32F3xx_HAL_Driver/Src/stm32f3xx_hal_cortex.o
 *fill*         0x000000000800273a        0x2 
 .text.SysTick_Config
                0x000000000800273c       0x44 Drivers/STM32F3xx_HAL_Driver/Src/stm32f3xx_hal_cortex.o
 .text.HAL_NVIC_SetPriorityGrouping
                0x0000000008002780       0x16 Drivers/STM32F3xx_HAL_Driver/Src/stm32f3xx_hal_cortex.o
                0x0000000008002780                HAL_NVIC_SetPriorityGrouping
 .text.HAL_NVIC_SetPriority
                0x0000000008002796       0x38 Drivers/STM32F3xx_HAL_Driver/Src/stm32f3xx_hal_cortex.o
                0x0000000008002796                HAL_NVIC_SetPriority
 .text.HAL_NVIC_EnableIRQ
                0x00000000080027ce       0x1c Drivers/STM32F3xx_HAL_Driver/Src/stm32f3xx_hal_cortex.o
                0x00000000080027ce                HAL_NVIC_EnableIRQ
 .text.HAL_SYSTICK_Config
                0x00000000080027ea       0x18 Drivers/STM32F3xx_HAL_Driver/Src/stm32f3xx_hal_cortex.o
                0x00000000080027ea                HAL_SYSTICK_Config
 .text.HAL_DAC_Init
                0x0000000008002802       0x44 Drivers/STM32F3xx_HAL_Driver/Src/stm32f3xx_hal_dac.o
                0x0000000008002802                HAL_DAC_Init
 .text.HAL_DAC_SetValue
                0x0000000008002846       0x4a Drivers/STM32F3xx_HAL_Driver/Src/stm32f3xx_hal_dac_ex.o
                0x0000000008002846                HAL_DAC_SetValue
 .text.HAL_DAC_Start
                0x0000000008002890       0x96 Drivers/STM32F3xx_HAL_Driver/Src/stm32f3xx_hal_dac_ex.o
                0x0000000008002890                HAL_DAC_Start
 .text.HAL_DAC_ConfigChannel
                0x0000000008002926       0x9a Drivers/STM32F3xx_HAL_Driver/Src/stm32f3xx_hal_dac_ex.o
                0x0000000008002926                HAL_DAC_ConfigChannel
 .text.HAL_DMA_Init
                0x00000000080029c0       0x8e Drivers/STM32F3xx_HAL_Driver/Src/stm32f3xx_hal_dma.o
                0x00000000080029c0                HAL_DMA_Init
 .text.HAL_DMA_Start_IT
                0x0000000008002a4e       0xbe Drivers/STM32F3xx_HAL_Driver/Src/stm32f3xx_hal_dma.o
                0x0000000008002a4e                HAL_DMA_Start_IT
 .text.HAL_DMA_IRQHandler
                0x0000000008002b0c      0x146 Drivers/STM32F3xx_HAL_Driver/Src/stm32f3xx_hal_dma.o
                0x0000000008002b0c                HAL_DMA_IRQHandler
 .text.DMA_SetConfig
                0x0000000008002c52       0x5c Drivers/STM32F3xx_HAL_Driver/Src/stm32f3xx_hal_dma.o
 *fill*         0x0000000008002cae        0x2 
 .text.DMA_CalcBaseAndBitshift
                0x0000000008002cb0       0x78 Drivers/STM32F3xx_HAL_Driver/Src/stm32f3xx_hal_dma.o
 .text.HAL_FLASH_Program
                0x0000000008002d28       0xe0 Drivers/STM32F3xx_HAL_Driver/Src/stm32f3xx_hal_flash.o
                0x0000000008002d28                HAL_FLASH_Program
 .text.HAL_FLASH_Unlock
                0x0000000008002e08       0x4c Drivers/STM32F3xx_HAL_Driver/Src/stm32f3xx_hal_flash.o
                0x0000000008002e08                HAL_FLASH_Unlock
 .text.HAL_FLASH_Lock
                0x0000000008002e54       0x20 Drivers/STM32F3xx_HAL_Driver/Src/stm32f3xx_hal_flash.o
                0x0000000008002e54                HAL_FLASH_Lock
 .text.FLASH_Program_HalfWord
                0x0000000008002e74       0x38 Drivers/STM32F3xx_HAL_Driver/Src/stm32f3xx_hal_flash.o
 .text.FLASH_WaitForLastOperation
                0x0000000008002eac       0x80 Drivers/STM32F3xx_HAL_Driver/Src/stm32f3xx_hal_flash.o
                0x0000000008002eac                FLASH_WaitForLastOperation
 .text.FLASH_SetErrorCode
                0x0000000008002f2c       0x64 Drivers/STM32F3xx_HAL_Driver/Src/stm32f3xx_hal_flash.o
 .text.HAL_FLASHEx_Erase
                0x0000000008002f90       0xd4 Drivers/STM32F3xx_HAL_Driver/Src/stm32f3xx_hal_flash_ex.o
                0x0000000008002f90                HAL_FLASHEx_Erase
 .text.FLASH_MassErase
                0x0000000008003064       0x34 Drivers/STM32F3xx_HAL_Driver/Src/stm32f3xx_hal_flash_ex.o
 .text.FLASH_PageErase
                0x0000000008003098       0x40 Drivers/STM32F3xx_HAL_Driver/Src/stm32f3xx_hal_flash_ex.o
                0x0000000008003098                FLASH_PageErase
 .text.HAL_GPIO_Init
                0x00000000080030d8      0x2f4 Drivers/STM32F3xx_HAL_Driver/Src/stm32f3xx_hal_gpio.o
                0x00000000080030d8                HAL_GPIO_Init
 .text.HAL_GPIO_ReadPin
                0x00000000080033cc       0x30 Drivers/STM32F3xx_HAL_Driver/Src/stm32f3xx_hal_gpio.o
                0x00000000080033cc                HAL_GPIO_ReadPin
 .text.HAL_PWREx_EnableSDADC
                0x00000000080033fc       0x40 Drivers/STM32F3xx_HAL_Driver/Src/stm32f3xx_hal_pwr_ex.o
                0x00000000080033fc                HAL_PWREx_EnableSDADC
 .text.HAL_RCC_OscConfig
                0x000000000800343c      0xe10 Drivers/STM32F3xx_HAL_Driver/Src/stm32f3xx_hal_rcc.o
                0x000000000800343c                HAL_RCC_OscConfig
 .text.HAL_RCC_ClockConfig
                0x000000000800424c      0x2f8 Drivers/STM32F3xx_HAL_Driver/Src/stm32f3xx_hal_rcc.o
                0x000000000800424c                HAL_RCC_ClockConfig
 .text.HAL_RCC_GetSysClockFreq
                0x0000000008004544       0xd8 Drivers/STM32F3xx_HAL_Driver/Src/stm32f3xx_hal_rcc.o
                0x0000000008004544                HAL_RCC_GetSysClockFreq
 .text.HAL_RCC_GetHCLKFreq
                0x000000000800461c       0x18 Drivers/STM32F3xx_HAL_Driver/Src/stm32f3xx_hal_rcc.o
                0x000000000800461c                HAL_RCC_GetHCLKFreq
 .text.HAL_RCC_GetPCLK1Freq
                0x0000000008004634       0x44 Drivers/STM32F3xx_HAL_Driver/Src/stm32f3xx_hal_rcc.o
                0x0000000008004634                HAL_RCC_GetPCLK1Freq
 .text.HAL_RCC_GetPCLK2Freq
                0x0000000008004678       0x44 Drivers/STM32F3xx_HAL_Driver/Src/stm32f3xx_hal_rcc.o
                0x0000000008004678                HAL_RCC_GetPCLK2Freq
 .text.HAL_RCCEx_PeriphCLKConfig
                0x00000000080046bc      0x2e8 Drivers/STM32F3xx_HAL_Driver/Src/stm32f3xx_hal_rcc_ex.o
                0x00000000080046bc                HAL_RCCEx_PeriphCLKConfig
 .text.HAL_SDADC_Init
                0x00000000080049a4      0x108 Drivers/STM32F3xx_HAL_Driver/Src/stm32f3xx_hal_sdadc.o
                0x00000000080049a4                HAL_SDADC_Init
 .text.HAL_SDADC_PrepareChannelConfig
                0x0000000008004aac       0x76 Drivers/STM32F3xx_HAL_Driver/Src/stm32f3xx_hal_sdadc.o
                0x0000000008004aac                HAL_SDADC_PrepareChannelConfig
 *fill*         0x0000000008004b22        0x2 
 .text.HAL_SDADC_AssociateChannelConfig
                0x0000000008004b24       0xa0 Drivers/STM32F3xx_HAL_Driver/Src/stm32f3xx_hal_sdadc.o
                0x0000000008004b24                HAL_SDADC_AssociateChannelConfig
 .text.HAL_SDADC_InjectedConfigChannel
                0x0000000008004bc4       0x78 Drivers/STM32F3xx_HAL_Driver/Src/stm32f3xx_hal_sdadc.o
                0x0000000008004bc4                HAL_SDADC_InjectedConfigChannel
 .text.HAL_SDADC_SelectInjectedTrigger
                0x0000000008004c3c       0x60 Drivers/STM32F3xx_HAL_Driver/Src/stm32f3xx_hal_sdadc.o
                0x0000000008004c3c                HAL_SDADC_SelectInjectedTrigger
 .text.HAL_SDADC_SelectInjectedDelay
                0x0000000008004c9c       0x68 Drivers/STM32F3xx_HAL_Driver/Src/stm32f3xx_hal_sdadc.o
                0x0000000008004c9c                HAL_SDADC_SelectInjectedDelay
 .text.HAL_SDADC_InjectedMultiModeConfigChannel
                0x0000000008004d04       0x5c Drivers/STM32F3xx_HAL_Driver/Src/stm32f3xx_hal_sdadc.o
                0x0000000008004d04                HAL_SDADC_InjectedMultiModeConfigChannel
 .text.HAL_SDADC_CalibrationStart
                0x0000000008004d60       0x80 Drivers/STM32F3xx_HAL_Driver/Src/stm32f3xx_hal_sdadc.o
                0x0000000008004d60                HAL_SDADC_CalibrationStart
 .text.HAL_SDADC_PollForCalibEvent
                0x0000000008004de0       0x72 Drivers/STM32F3xx_HAL_Driver/Src/stm32f3xx_hal_sdadc.o
                0x0000000008004de0                HAL_SDADC_PollForCalibEvent
 .text.HAL_SDADC_Start_IT
                0x0000000008004e52       0x46 Drivers/STM32F3xx_HAL_Driver/Src/stm32f3xx_hal_sdadc.o
                0x0000000008004e52                HAL_SDADC_Start_IT
 .text.HAL_SDADC_InjectedStart_IT
                0x0000000008004e98       0x46 Drivers/STM32F3xx_HAL_Driver/Src/stm32f3xx_hal_sdadc.o
                0x0000000008004e98                HAL_SDADC_InjectedStart_IT
 .text.HAL_SDADC_InjectedGetValue
                0x0000000008004ede       0x32 Drivers/STM32F3xx_HAL_Driver/Src/stm32f3xx_hal_sdadc.o
                0x0000000008004ede                HAL_SDADC_InjectedGetValue
 .text.HAL_SDADC_IRQHandler
                0x0000000008004f10      0x1aa Drivers/STM32F3xx_HAL_Driver/Src/stm32f3xx_hal_sdadc.o
                0x0000000008004f10                HAL_SDADC_IRQHandler
 .text.HAL_SDADC_CalibrationCpltCallback
                0x00000000080050ba       0x14 Drivers/STM32F3xx_HAL_Driver/Src/stm32f3xx_hal_sdadc.o
                0x00000000080050ba                HAL_SDADC_CalibrationCpltCallback
 .text.HAL_SDADC_ConvCpltCallback
                0x00000000080050ce       0x14 Drivers/STM32F3xx_HAL_Driver/Src/stm32f3xx_hal_sdadc.o
                0x00000000080050ce                HAL_SDADC_ConvCpltCallback
 .text.HAL_SDADC_ErrorCallback
                0x00000000080050e2       0x14 Drivers/STM32F3xx_HAL_Driver/Src/stm32f3xx_hal_sdadc.o
                0x00000000080050e2                HAL_SDADC_ErrorCallback
 .text.SDADC_EnterInitMode
                0x00000000080050f6       0x46 Drivers/STM32F3xx_HAL_Driver/Src/stm32f3xx_hal_sdadc.o
 .text.SDADC_ExitInitMode
                0x000000000800513c       0x24 Drivers/STM32F3xx_HAL_Driver/Src/stm32f3xx_hal_sdadc.o
 .text.SDADC_GetInjChannelsNbr
                0x0000000008005160       0x48 Drivers/STM32F3xx_HAL_Driver/Src/stm32f3xx_hal_sdadc.o
 .text.SDADC_RegConvStart
                0x00000000080051a8       0x7c Drivers/STM32F3xx_HAL_Driver/Src/stm32f3xx_hal_sdadc.o
 .text.SDADC_InjConvStart
                0x0000000008005224       0xa0 Drivers/STM32F3xx_HAL_Driver/Src/stm32f3xx_hal_sdadc.o
 .text.HAL_TIM_Base_Init
                0x00000000080052c4       0x9e Drivers/STM32F3xx_HAL_Driver/Src/stm32f3xx_hal_tim.o
                0x00000000080052c4                HAL_TIM_Base_Init
 *fill*         0x0000000008005362        0x2 
 .text.HAL_TIM_Base_Start
                0x0000000008005364       0xc0 Drivers/STM32F3xx_HAL_Driver/Src/stm32f3xx_hal_tim.o
                0x0000000008005364                HAL_TIM_Base_Start
 .text.HAL_TIM_PWM_Init
                0x0000000008005424       0x9e Drivers/STM32F3xx_HAL_Driver/Src/stm32f3xx_hal_tim.o
                0x0000000008005424                HAL_TIM_PWM_Init
 .text.HAL_TIM_PWM_MspInit
                0x00000000080054c2       0x14 Drivers/STM32F3xx_HAL_Driver/Src/stm32f3xx_hal_tim.o
                0x00000000080054c2                HAL_TIM_PWM_MspInit
 *fill*         0x00000000080054d6        0x2 
 .text.HAL_TIM_PWM_Start
                0x00000000080054d8      0x194 Drivers/STM32F3xx_HAL_Driver/Src/stm32f3xx_hal_tim.o
                0x00000000080054d8                HAL_TIM_PWM_Start
 .text.HAL_TIM_PWM_ConfigChannel
                0x000000000800566c      0x17c Drivers/STM32F3xx_HAL_Driver/Src/stm32f3xx_hal_tim.o
                0x000000000800566c                HAL_TIM_PWM_ConfigChannel
 .text.HAL_TIM_ConfigClockSource
                0x00000000080057e8      0x16e Drivers/STM32F3xx_HAL_Driver/Src/stm32f3xx_hal_tim.o
                0x00000000080057e8                HAL_TIM_ConfigClockSource
 *fill*         0x0000000008005956        0x2 
 .text.TIM_Base_SetConfig
                0x0000000008005958      0x134 Drivers/STM32F3xx_HAL_Driver/Src/stm32f3xx_hal_tim.o
                0x0000000008005958                TIM_Base_SetConfig
 .text.TIM_OC1_SetConfig
                0x0000000008005a8c       0xf4 Drivers/STM32F3xx_HAL_Driver/Src/stm32f3xx_hal_tim.o
 .text.TIM_OC2_SetConfig
                0x0000000008005b80       0xc4 Drivers/STM32F3xx_HAL_Driver/Src/stm32f3xx_hal_tim.o
                0x0000000008005b80                TIM_OC2_SetConfig
 .text.TIM_OC3_SetConfig
                0x0000000008005c44       0x7c Drivers/STM32F3xx_HAL_Driver/Src/stm32f3xx_hal_tim.o
 .text.TIM_OC4_SetConfig
                0x0000000008005cc0       0x7e Drivers/STM32F3xx_HAL_Driver/Src/stm32f3xx_hal_tim.o
 .text.TIM_TI1_ConfigInputStage
                0x0000000008005d3e       0x5e Drivers/STM32F3xx_HAL_Driver/Src/stm32f3xx_hal_tim.o
 .text.TIM_TI2_ConfigInputStage
                0x0000000008005d9c       0x60 Drivers/STM32F3xx_HAL_Driver/Src/stm32f3xx_hal_tim.o
 .text.TIM_ITRx_SetConfig
                0x0000000008005dfc       0x36 Drivers/STM32F3xx_HAL_Driver/Src/stm32f3xx_hal_tim.o
 .text.TIM_ETR_SetConfig
                0x0000000008005e32       0x40 Drivers/STM32F3xx_HAL_Driver/Src/stm32f3xx_hal_tim.o
                0x0000000008005e32                TIM_ETR_SetConfig
 .text.TIM_CCxChannelCmd
                0x0000000008005e72       0x4a Drivers/STM32F3xx_HAL_Driver/Src/stm32f3xx_hal_tim.o
                0x0000000008005e72                TIM_CCxChannelCmd
 .text.HAL_TIMEx_MasterConfigSynchronization
                0x0000000008005ebc       0xe8 Drivers/STM32F3xx_HAL_Driver/Src/stm32f3xx_hal_tim_ex.o
                0x0000000008005ebc                HAL_TIMEx_MasterConfigSynchronization
 .text.HAL_UART_Init
                0x0000000008005fa4       0x9c Drivers/STM32F3xx_HAL_Driver/Src/stm32f3xx_hal_uart.o
                0x0000000008005fa4                HAL_UART_Init
 .text.HAL_UART_Transmit
                0x0000000008006040      0x128 Drivers/STM32F3xx_HAL_Driver/Src/stm32f3xx_hal_uart.o
                0x0000000008006040                HAL_UART_Transmit
 .text.HAL_UART_Receive_DMA
                0x0000000008006168       0x7a Drivers/STM32F3xx_HAL_Driver/Src/stm32f3xx_hal_uart.o
                0x0000000008006168                HAL_UART_Receive_DMA
 .text.HAL_UART_RxHalfCpltCallback
                0x00000000080061e2       0x14 Drivers/STM32F3xx_HAL_Driver/Src/stm32f3xx_hal_uart.o
                0x00000000080061e2                HAL_UART_RxHalfCpltCallback
 .text.HAL_UART_ErrorCallback
                0x00000000080061f6       0x14 Drivers/STM32F3xx_HAL_Driver/Src/stm32f3xx_hal_uart.o
                0x00000000080061f6                HAL_UART_ErrorCallback
 .text.HAL_UARTEx_RxEventCallback
                0x000000000800620a       0x18 Drivers/STM32F3xx_HAL_Driver/Src/stm32f3xx_hal_uart.o
                0x000000000800620a                HAL_UARTEx_RxEventCallback
 *fill*         0x0000000008006222        0x2 
 .text.UART_SetConfig
                0x0000000008006224      0x2f4 Drivers/STM32F3xx_HAL_Driver/Src/stm32f3xx_hal_uart.o
                0x0000000008006224                UART_SetConfig
 .text.UART_AdvFeatureConfig
                0x0000000008006518      0x144 Drivers/STM32F3xx_HAL_Driver/Src/stm32f3xx_hal_uart.o
                0x0000000008006518                UART_AdvFeatureConfig
 .text.UART_CheckIdleState
                0x000000000800665c       0x92 Drivers/STM32F3xx_HAL_Driver/Src/stm32f3xx_hal_uart.o
                0x000000000800665c                UART_CheckIdleState
 .text.UART_WaitOnFlagUntilTimeout
                0x00000000080066ee       0xf8 Drivers/STM32F3xx_HAL_Driver/Src/stm32f3xx_hal_uart.o
                0x00000000080066ee                UART_WaitOnFlagUntilTimeout
 *fill*         0x00000000080067e6        0x2 
 .text.UART_Start_Receive_DMA
                0x00000000080067e8       0xd8 Drivers/STM32F3xx_HAL_Driver/Src/stm32f3xx_hal_uart.o
                0x00000000080067e8                UART_Start_Receive_DMA
 .text.UART_EndTxTransfer
                0x00000000080068c0       0x2a Drivers/STM32F3xx_HAL_Driver/Src/stm32f3xx_hal_uart.o
 .text.UART_EndRxTransfer
                0x00000000080068ea       0x5e Drivers/STM32F3xx_HAL_Driver/Src/stm32f3xx_hal_uart.o
 .text.UART_DMAReceiveCplt
                0x0000000008006948       0x92 Drivers/STM32F3xx_HAL_Driver/Src/stm32f3xx_hal_uart.o
 .text.UART_DMARxHalfCplt
                0x00000000080069da       0x38 Drivers/STM32F3xx_HAL_Driver/Src/stm32f3xx_hal_uart.o
 .text.UART_DMAError
                0x0000000008006a12       0x7c Drivers/STM32F3xx_HAL_Driver/Src/stm32f3xx_hal_uart.o
 *fill*         0x0000000008006a8e        0x2 
 .text.__libc_init_array
                0x0000000008006a90       0x48 /home/dell/program/STM32CubeIde/plugins/com.st.stm32cube.ide.mcu.externaltools.gnu-tools-for-stm32.7-2018-q2-update.linux64_1.5.0.202011040924/tools/bin/../lib/gcc/arm-none-eabi/7.3.1/../../../../arm-none-eabi/lib/thumb/v7e-m/fpv4-sp/hard/libc_nano.a(lib_a-init.o)
                0x0000000008006a90                __libc_init_array
 .text.memset   0x0000000008006ad8       0x10 /home/dell/program/STM32CubeIde/plugins/com.st.stm32cube.ide.mcu.externaltools.gnu-tools-for-stm32.7-2018-q2-update.linux64_1.5.0.202011040924/tools/bin/../lib/gcc/arm-none-eabi/7.3.1/../../../../arm-none-eabi/lib/thumb/v7e-m/fpv4-sp/hard/libc_nano.a(lib_a-memset.o)
                0x0000000008006ad8                memset
 *(.glue_7)
 .glue_7        0x0000000008006ae8        0x0 linker stubs
 *(.glue_7t)
 .glue_7t       0x0000000008006ae8        0x0 linker stubs
 *(.eh_frame)
 .eh_frame      0x0000000008006ae8        0x0 /home/dell/program/STM32CubeIde/plugins/com.st.stm32cube.ide.mcu.externaltools.gnu-tools-for-stm32.7-2018-q2-update.linux64_1.5.0.202011040924/tools/bin/../lib/gcc/arm-none-eabi/7.3.1/thumb/v7e-m/fpv4-sp/hard/crtbegin.o
 *(.init)
 .init          0x0000000008006ae8        0x4 /home/dell/program/STM32CubeIde/plugins/com.st.stm32cube.ide.mcu.externaltools.gnu-tools-for-stm32.7-2018-q2-update.linux64_1.5.0.202011040924/tools/bin/../lib/gcc/arm-none-eabi/7.3.1/thumb/v7e-m/fpv4-sp/hard/crti.o
                0x0000000008006ae8                _init
 .init          0x0000000008006aec        0x8 /home/dell/program/STM32CubeIde/plugins/com.st.stm32cube.ide.mcu.externaltools.gnu-tools-for-stm32.7-2018-q2-update.linux64_1.5.0.202011040924/tools/bin/../lib/gcc/arm-none-eabi/7.3.1/thumb/v7e-m/fpv4-sp/hard/crtn.o
 *(.fini)
 .fini          0x0000000008006af4        0x4 /home/dell/program/STM32CubeIde/plugins/com.st.stm32cube.ide.mcu.externaltools.gnu-tools-for-stm32.7-2018-q2-update.linux64_1.5.0.202011040924/tools/bin/../lib/gcc/arm-none-eabi/7.3.1/thumb/v7e-m/fpv4-sp/hard/crti.o
                0x0000000008006af4                _fini
 .fini          0x0000000008006af8        0x8 /home/dell/program/STM32CubeIde/plugins/com.st.stm32cube.ide.mcu.externaltools.gnu-tools-for-stm32.7-2018-q2-update.linux64_1.5.0.202011040924/tools/bin/../lib/gcc/arm-none-eabi/7.3.1/thumb/v7e-m/fpv4-sp/hard/crtn.o
                0x0000000008006b00                . = ALIGN (0x4)
                0x0000000008006b00                _etext = .

.vfp11_veneer   0x0000000008006b00        0x0
 .vfp11_veneer  0x0000000008006b00        0x0 linker stubs

.v4_bx          0x0000000008006b00        0x0
 .v4_bx         0x0000000008006b00        0x0 linker stubs

.iplt           0x0000000008006b00        0x0
 .iplt          0x0000000008006b00        0x0 /home/dell/program/STM32CubeIde/plugins/com.st.stm32cube.ide.mcu.externaltools.gnu-tools-for-stm32.7-2018-q2-update.linux64_1.5.0.202011040924/tools/bin/../lib/gcc/arm-none-eabi/7.3.1/thumb/v7e-m/fpv4-sp/hard/crtbegin.o

.rodata         0x0000000008006b00       0x38
                0x0000000008006b00                . = ALIGN (0x4)
 *(.rodata)
 *(.rodata*)
 .rodata.AHBPrescTable
                0x0000000008006b00       0x10 Core/Src/system_stm32f3xx.o
                0x0000000008006b00                AHBPrescTable
 .rodata.APBPrescTable
                0x0000000008006b10        0x8 Core/Src/system_stm32f3xx.o
                0x0000000008006b10                APBPrescTable
 .rodata.aPLLMULFactorTable
                0x0000000008006b18       0x10 Drivers/STM32F3xx_HAL_Driver/Src/stm32f3xx_hal_rcc.o
                0x0000000008006b18                aPLLMULFactorTable
 .rodata.aPredivFactorTable
                0x0000000008006b28       0x10 Drivers/STM32F3xx_HAL_Driver/Src/stm32f3xx_hal_rcc.o
                0x0000000008006b28                aPredivFactorTable
                0x0000000008006b38                . = ALIGN (0x4)

.rel.dyn        0x0000000008006b38        0x0
 .rel.iplt      0x0000000008006b38        0x0 /home/dell/program/STM32CubeIde/plugins/com.st.stm32cube.ide.mcu.externaltools.gnu-tools-for-stm32.7-2018-q2-update.linux64_1.5.0.202011040924/tools/bin/../lib/gcc/arm-none-eabi/7.3.1/thumb/v7e-m/fpv4-sp/hard/crtbegin.o

.ARM.extab      0x0000000008006b38        0x0
                0x0000000008006b38                . = ALIGN (0x4)
 *(.ARM.extab* .gnu.linkonce.armextab.*)
                0x0000000008006b38                . = ALIGN (0x4)

.ARM            0x0000000008006b38        0x0
                0x0000000008006b38                . = ALIGN (0x4)
                0x0000000008006b38                __exidx_start = .
 *(.ARM.exidx*)
                0x0000000008006b38                __exidx_end = .
                0x0000000008006b38                . = ALIGN (0x4)

.preinit_array  0x0000000008006b38        0x0
                0x0000000008006b38                . = ALIGN (0x4)
                0x0000000008006b38                PROVIDE (__preinit_array_start = .)
 *(.preinit_array*)
                0x0000000008006b38                PROVIDE (__preinit_array_end = .)
                0x0000000008006b38                . = ALIGN (0x4)

.init_array     0x0000000008006b38        0x4
                0x0000000008006b38                . = ALIGN (0x4)
                0x0000000008006b38                PROVIDE (__init_array_start = .)
 *(SORT_BY_NAME(.init_array.*))
 *(.init_array*)
 .init_array    0x0000000008006b38        0x4 /home/dell/program/STM32CubeIde/plugins/com.st.stm32cube.ide.mcu.externaltools.gnu-tools-for-stm32.7-2018-q2-update.linux64_1.5.0.202011040924/tools/bin/../lib/gcc/arm-none-eabi/7.3.1/thumb/v7e-m/fpv4-sp/hard/crtbegin.o
                0x0000000008006b3c                PROVIDE (__init_array_end = .)
                0x0000000008006b3c                . = ALIGN (0x4)

.fini_array     0x0000000008006b3c        0x4
                0x0000000008006b3c                . = ALIGN (0x4)
                [!provide]                        PROVIDE (__fini_array_start = .)
 *(SORT_BY_NAME(.fini_array.*))
 *(.fini_array*)
 .fini_array    0x0000000008006b3c        0x4 /home/dell/program/STM32CubeIde/plugins/com.st.stm32cube.ide.mcu.externaltools.gnu-tools-for-stm32.7-2018-q2-update.linux64_1.5.0.202011040924/tools/bin/../lib/gcc/arm-none-eabi/7.3.1/thumb/v7e-m/fpv4-sp/hard/crtbegin.o
                [!provide]                        PROVIDE (__fini_array_end = .)
                0x0000000008006b40                . = ALIGN (0x4)
                0x0000000008006b40                _sidata = LOADADDR (.data)

.data           0x0000000020000000       0x10 load address 0x0000000008006b40
                0x0000000020000000                . = ALIGN (0x4)
                0x0000000020000000                _sdata = .
 *(.data)
 *(.data*)
 .data.CHANNEL  0x0000000020000000        0x4 Core/Src/main.o
                0x0000000020000000                CHANNEL
 .data.SystemCoreClock
                0x0000000020000004        0x4 Core/Src/system_stm32f3xx.o
                0x0000000020000004                SystemCoreClock
 .data.uwTickPrio
                0x0000000020000008        0x4 Drivers/STM32F3xx_HAL_Driver/Src/stm32f3xx_hal.o
                0x0000000020000008                uwTickPrio
 .data.uwTickFreq
                0x000000002000000c        0x1 Drivers/STM32F3xx_HAL_Driver/Src/stm32f3xx_hal.o
                0x000000002000000c                uwTickFreq
 *(.RamFunc)
 *(.RamFunc*)
                0x0000000020000010                . = ALIGN (0x4)
 *fill*         0x000000002000000d        0x3 
                0x0000000020000010                _edata = .

.igot.plt       0x0000000020000010        0x0 load address 0x0000000008006b50
 .igot.plt      0x0000000020000010        0x0 /home/dell/program/STM32CubeIde/plugins/com.st.stm32cube.ide.mcu.externaltools.gnu-tools-for-stm32.7-2018-q2-update.linux64_1.5.0.202011040924/tools/bin/../lib/gcc/arm-none-eabi/7.3.1/thumb/v7e-m/fpv4-sp/hard/crtbegin.o
                0x0000000020000010                . = ALIGN (0x4)

.bss            0x0000000020000010      0x470 load address 0x0000000008006b50
                0x0000000020000010                _sbss = .
                0x0000000020000010                __bss_start__ = _sbss
 *(.bss)
 .bss           0x0000000020000010       0x1c /home/dell/program/STM32CubeIde/plugins/com.st.stm32cube.ide.mcu.externaltools.gnu-tools-for-stm32.7-2018-q2-update.linux64_1.5.0.202011040924/tools/bin/../lib/gcc/arm-none-eabi/7.3.1/thumb/v7e-m/fpv4-sp/hard/crtbegin.o
 *(.bss*)
 .bss.memory_address
                0x000000002000002c        0x4 Core/Src/FlashMemory_F3/ReadWrite.o
 .bss.RX_DATA   0x0000000020000030       0x19 Core/Src/main.o
                0x0000000020000030                RX_DATA
 *fill*         0x0000000020000049        0x3 
 .bss.TX_DATA   0x000000002000004c       0x18 Core/Src/main.o
                0x000000002000004c                TX_DATA
 .bss.PWM_PERIOD
                0x0000000020000064       0x12 Core/Src/main.o
                0x0000000020000064                PWM_PERIOD
 *fill*         0x0000000020000076        0x2 
 .bss.DAC_OUTPUT
                0x0000000020000078        0x6 Core/Src/main.o
                0x0000000020000078                DAC_OUTPUT
 *fill*         0x000000002000007e        0x2 
 .bss.ADC_VALUES
                0x0000000020000080        0x8 Core/Src/main.o
                0x0000000020000080                ADC_VALUES
 .bss.SD_ADC    0x0000000020000088        0xc Core/Src/main.o
                0x0000000020000088                SD_ADC
 .bss.DI_VALUES
                0x0000000020000094        0xc Core/Src/main.o
                0x0000000020000094                DI_VALUES
 .bss.TIM_PRESCALES
                0x00000000200000a0        0x8 Core/Src/main.o
                0x00000000200000a0                TIM_PRESCALES
 *(COMMON)
 COMMON         0x00000000200000a8      0x3b4 Core/Src/main.o
                0x00000000200000a8                hdac2
                0x00000000200000bc                htim4
                0x0000000020000108                hdac1
                0x000000002000011c                htim19
                0x0000000020000168                htim5
                0x00000000200001b4                htim3
                0x0000000020000200                hadc1
                0x0000000020000230                hdma_usart1_rx
                0x0000000020000274                huart1
                0x00000000200002f8                hsdadc1
                0x000000002000033c                hdma_adc1
                0x0000000020000380                htim6
                0x00000000200003cc                htim2
                0x0000000020000418                hsdadc3
 COMMON         0x000000002000045c        0x4 Drivers/STM32F3xx_HAL_Driver/Src/stm32f3xx_hal.o
                0x000000002000045c                uwTick
 COMMON         0x0000000020000460       0x20 Drivers/STM32F3xx_HAL_Driver/Src/stm32f3xx_hal_flash.o
                0x0000000020000460                pFlash
                0x0000000020000480                . = ALIGN (0x4)
                0x0000000020000480                _ebss = .
                0x0000000020000480                __bss_end__ = _ebss

._user_heap_stack
                0x0000000020000480      0x600 load address 0x0000000008006b50
                0x0000000020000480                . = ALIGN (0x8)
                [!provide]                        PROVIDE (end = .)
                0x0000000020000480                PROVIDE (_end = .)
                0x0000000020000680                . = (. + _Min_Heap_Size)
 *fill*         0x0000000020000480      0x200 
                0x0000000020000a80                . = (. + _Min_Stack_Size)
 *fill*         0x0000000020000680      0x400 
                0x0000000020000a80                . = ALIGN (0x8)

/DISCARD/
 libc.a(*)
 libm.a(*)
 libgcc.a(*)

.ARM.attributes
                0x0000000000000000       0x30
 *(.ARM.attributes)
 .ARM.attributes
                0x0000000000000000       0x22 /home/dell/program/STM32CubeIde/plugins/com.st.stm32cube.ide.mcu.externaltools.gnu-tools-for-stm32.7-2018-q2-update.linux64_1.5.0.202011040924/tools/bin/../lib/gcc/arm-none-eabi/7.3.1/thumb/v7e-m/fpv4-sp/hard/crti.o
 .ARM.attributes
                0x0000000000000022       0x34 /home/dell/program/STM32CubeIde/plugins/com.st.stm32cube.ide.mcu.externaltools.gnu-tools-for-stm32.7-2018-q2-update.linux64_1.5.0.202011040924/tools/bin/../lib/gcc/arm-none-eabi/7.3.1/thumb/v7e-m/fpv4-sp/hard/crtbegin.o
 .ARM.attributes
                0x0000000000000056       0x39 Core/Src/FlashMemory_F3/ReadWrite.o
 .ARM.attributes
                0x000000000000008f       0x39 Core/Src/main.o
 .ARM.attributes
                0x00000000000000c8       0x39 Core/Src/stm32f3xx_hal_msp.o
 .ARM.attributes
                0x0000000000000101       0x39 Core/Src/stm32f3xx_it.o
 .ARM.attributes
                0x000000000000013a       0x39 Core/Src/system_stm32f3xx.o
 .ARM.attributes
                0x0000000000000173       0x21 Core/Startup/startup_stm32f373cctx.o
 .ARM.attributes
                0x0000000000000194       0x39 Drivers/STM32F3xx_HAL_Driver/Src/stm32f3xx_hal.o
 .ARM.attributes
                0x00000000000001cd       0x39 Drivers/STM32F3xx_HAL_Driver/Src/stm32f3xx_hal_adc.o
 .ARM.attributes
                0x0000000000000206       0x39 Drivers/STM32F3xx_HAL_Driver/Src/stm32f3xx_hal_adc_ex.o
 .ARM.attributes
                0x000000000000023f       0x39 Drivers/STM32F3xx_HAL_Driver/Src/stm32f3xx_hal_cortex.o
 .ARM.attributes
                0x0000000000000278       0x39 Drivers/STM32F3xx_HAL_Driver/Src/stm32f3xx_hal_dac.o
 .ARM.attributes
                0x00000000000002b1       0x39 Drivers/STM32F3xx_HAL_Driver/Src/stm32f3xx_hal_dac_ex.o
 .ARM.attributes
                0x00000000000002ea       0x39 Drivers/STM32F3xx_HAL_Driver/Src/stm32f3xx_hal_dma.o
 .ARM.attributes
                0x0000000000000323       0x39 Drivers/STM32F3xx_HAL_Driver/Src/stm32f3xx_hal_flash.o
 .ARM.attributes
                0x000000000000035c       0x39 Drivers/STM32F3xx_HAL_Driver/Src/stm32f3xx_hal_flash_ex.o
 .ARM.attributes
                0x0000000000000395       0x39 Drivers/STM32F3xx_HAL_Driver/Src/stm32f3xx_hal_gpio.o
 .ARM.attributes
                0x00000000000003ce       0x39 Drivers/STM32F3xx_HAL_Driver/Src/stm32f3xx_hal_pwr_ex.o
 .ARM.attributes
                0x0000000000000407       0x39 Drivers/STM32F3xx_HAL_Driver/Src/stm32f3xx_hal_rcc.o
 .ARM.attributes
                0x0000000000000440       0x39 Drivers/STM32F3xx_HAL_Driver/Src/stm32f3xx_hal_rcc_ex.o
 .ARM.attributes
                0x0000000000000479       0x39 Drivers/STM32F3xx_HAL_Driver/Src/stm32f3xx_hal_sdadc.o
 .ARM.attributes
                0x00000000000004b2       0x39 Drivers/STM32F3xx_HAL_Driver/Src/stm32f3xx_hal_tim.o
 .ARM.attributes
                0x00000000000004eb       0x39 Drivers/STM32F3xx_HAL_Driver/Src/stm32f3xx_hal_tim_ex.o
 .ARM.attributes
                0x0000000000000524       0x39 Drivers/STM32F3xx_HAL_Driver/Src/stm32f3xx_hal_uart.o
 .ARM.attributes
                0x000000000000055d       0x34 /home/dell/program/STM32CubeIde/plugins/com.st.stm32cube.ide.mcu.externaltools.gnu-tools-for-stm32.7-2018-q2-update.linux64_1.5.0.202011040924/tools/bin/../lib/gcc/arm-none-eabi/7.3.1/../../../../arm-none-eabi/lib/thumb/v7e-m/fpv4-sp/hard/libc_nano.a(lib_a-init.o)
 .ARM.attributes
                0x0000000000000591       0x34 /home/dell/program/STM32CubeIde/plugins/com.st.stm32cube.ide.mcu.externaltools.gnu-tools-for-stm32.7-2018-q2-update.linux64_1.5.0.202011040924/tools/bin/../lib/gcc/arm-none-eabi/7.3.1/../../../../arm-none-eabi/lib/thumb/v7e-m/fpv4-sp/hard/libc_nano.a(lib_a-memset.o)
 .ARM.attributes
                0x00000000000005c5       0x22 /home/dell/program/STM32CubeIde/plugins/com.st.stm32cube.ide.mcu.externaltools.gnu-tools-for-stm32.7-2018-q2-update.linux64_1.5.0.202011040924/tools/bin/../lib/gcc/arm-none-eabi/7.3.1/thumb/v7e-m/fpv4-sp/hard/crtn.o
OUTPUT(DAC ADC PWM IO.elf elf32-littlearm)

.debug_info     0x0000000000000000    0x130ec
 .debug_info    0x0000000000000000      0x477 Core/Src/FlashMemory_F3/ReadWrite.o
 .debug_info    0x0000000000000477     0x1f7e Core/Src/main.o
 .debug_info    0x00000000000023f5     0x188e Core/Src/stm32f3xx_hal_msp.o
 .debug_info    0x0000000000003c83      0x748 Core/Src/stm32f3xx_it.o
 .debug_info    0x00000000000043cb      0x45c Core/Src/system_stm32f3xx.o
 .debug_info    0x0000000000004827       0x22 Core/Startup/startup_stm32f373cctx.o
 .debug_info    0x0000000000004849      0x7d6 Drivers/STM32F3xx_HAL_Driver/Src/stm32f3xx_hal.o
 .debug_info    0x000000000000501f      0xa4c Drivers/STM32F3xx_HAL_Driver/Src/stm32f3xx_hal_adc.o
 .debug_info    0x0000000000005a6b      0xf54 Drivers/STM32F3xx_HAL_Driver/Src/stm32f3xx_hal_adc_ex.o
 .debug_info    0x00000000000069bf      0xd8d Drivers/STM32F3xx_HAL_Driver/Src/stm32f3xx_hal_cortex.o
 .debug_info    0x000000000000774c      0x8fb Drivers/STM32F3xx_HAL_Driver/Src/stm32f3xx_hal_dac.o
 .debug_info    0x0000000000008047      0xa45 Drivers/STM32F3xx_HAL_Driver/Src/stm32f3xx_hal_dac_ex.o
 .debug_info    0x0000000000008a8c      0x7cb Drivers/STM32F3xx_HAL_Driver/Src/stm32f3xx_hal_dma.o
 .debug_info    0x0000000000009257      0x5a6 Drivers/STM32F3xx_HAL_Driver/Src/stm32f3xx_hal_flash.o
 .debug_info    0x00000000000097fd      0x89c Drivers/STM32F3xx_HAL_Driver/Src/stm32f3xx_hal_flash_ex.o
 .debug_info    0x000000000000a099      0x6a3 Drivers/STM32F3xx_HAL_Driver/Src/stm32f3xx_hal_gpio.o
 .debug_info    0x000000000000a73c      0x3d8 Drivers/STM32F3xx_HAL_Driver/Src/stm32f3xx_hal_pwr_ex.o
 .debug_info    0x000000000000ab14     0x180f Drivers/STM32F3xx_HAL_Driver/Src/stm32f3xx_hal_rcc.o
 .debug_info    0x000000000000c323      0x661 Drivers/STM32F3xx_HAL_Driver/Src/stm32f3xx_hal_rcc_ex.o
 .debug_info    0x000000000000c984     0x1535 Drivers/STM32F3xx_HAL_Driver/Src/stm32f3xx_hal_sdadc.o
 .debug_info    0x000000000000deb9     0x280a Drivers/STM32F3xx_HAL_Driver/Src/stm32f3xx_hal_tim.o
 .debug_info    0x00000000000106c3     0x1387 Drivers/STM32F3xx_HAL_Driver/Src/stm32f3xx_hal_tim_ex.o
 .debug_info    0x0000000000011a4a     0x16a2 Drivers/STM32F3xx_HAL_Driver/Src/stm32f3xx_hal_uart.o

.debug_abbrev   0x0000000000000000     0x2bb3
 .debug_abbrev  0x0000000000000000      0x16b Core/Src/FlashMemory_F3/ReadWrite.o
 .debug_abbrev  0x000000000000016b      0x27a Core/Src/main.o
 .debug_abbrev  0x00000000000003e5      0x1f8 Core/Src/stm32f3xx_hal_msp.o
 .debug_abbrev  0x00000000000005dd      0x149 Core/Src/stm32f3xx_it.o
 .debug_abbrev  0x0000000000000726      0x12b Core/Src/system_stm32f3xx.o
 .debug_abbrev  0x0000000000000851       0x12 Core/Startup/startup_stm32f373cctx.o
 .debug_abbrev  0x0000000000000863      0x1c7 Drivers/STM32F3xx_HAL_Driver/Src/stm32f3xx_hal.o
 .debug_abbrev  0x0000000000000a2a      0x187 Drivers/STM32F3xx_HAL_Driver/Src/stm32f3xx_hal_adc.o
 .debug_abbrev  0x0000000000000bb1      0x207 Drivers/STM32F3xx_HAL_Driver/Src/stm32f3xx_hal_adc_ex.o
 .debug_abbrev  0x0000000000000db8      0x2fa Drivers/STM32F3xx_HAL_Driver/Src/stm32f3xx_hal_cortex.o
 .debug_abbrev  0x00000000000010b2      0x1a3 Drivers/STM32F3xx_HAL_Driver/Src/stm32f3xx_hal_dac.o
 .debug_abbrev  0x0000000000001255      0x22d Drivers/STM32F3xx_HAL_Driver/Src/stm32f3xx_hal_dac_ex.o
 .debug_abbrev  0x0000000000001482      0x1fe Drivers/STM32F3xx_HAL_Driver/Src/stm32f3xx_hal_dma.o
 .debug_abbrev  0x0000000000001680      0x22e Drivers/STM32F3xx_HAL_Driver/Src/stm32f3xx_hal_flash.o
 .debug_abbrev  0x00000000000018ae      0x27f Drivers/STM32F3xx_HAL_Driver/Src/stm32f3xx_hal_flash_ex.o
 .debug_abbrev  0x0000000000001b2d      0x1c0 Drivers/STM32F3xx_HAL_Driver/Src/stm32f3xx_hal_gpio.o
 .debug_abbrev  0x0000000000001ced      0x16d Drivers/STM32F3xx_HAL_Driver/Src/stm32f3xx_hal_pwr_ex.o
 .debug_abbrev  0x0000000000001e5a      0x28c Drivers/STM32F3xx_HAL_Driver/Src/stm32f3xx_hal_rcc.o
 .debug_abbrev  0x00000000000020e6      0x219 Drivers/STM32F3xx_HAL_Driver/Src/stm32f3xx_hal_rcc_ex.o
 .debug_abbrev  0x00000000000022ff      0x239 Drivers/STM32F3xx_HAL_Driver/Src/stm32f3xx_hal_sdadc.o
 .debug_abbrev  0x0000000000002538      0x230 Drivers/STM32F3xx_HAL_Driver/Src/stm32f3xx_hal_tim.o
 .debug_abbrev  0x0000000000002768      0x236 Drivers/STM32F3xx_HAL_Driver/Src/stm32f3xx_hal_tim_ex.o
 .debug_abbrev  0x000000000000299e      0x215 Drivers/STM32F3xx_HAL_Driver/Src/stm32f3xx_hal_uart.o

.debug_aranges  0x0000000000000000     0x13e0
 .debug_aranges
                0x0000000000000000       0x38 Core/Src/FlashMemory_F3/ReadWrite.o
 .debug_aranges
                0x0000000000000038       0xe0 Core/Src/main.o
 .debug_aranges
                0x0000000000000118       0x78 Core/Src/stm32f3xx_hal_msp.o
 .debug_aranges
                0x0000000000000190       0x80 Core/Src/stm32f3xx_it.o
 .debug_aranges
                0x0000000000000210       0x28 Core/Src/system_stm32f3xx.o
 .debug_aranges
                0x0000000000000238       0x28 Core/Startup/startup_stm32f373cctx.o
 .debug_aranges
                0x0000000000000260       0xe0 Drivers/STM32F3xx_HAL_Driver/Src/stm32f3xx_hal.o
 .debug_aranges
                0x0000000000000340       0xc8 Drivers/STM32F3xx_HAL_Driver/Src/stm32f3xx_hal_adc.o
 .debug_aranges
                0x0000000000000408       0xf8 Drivers/STM32F3xx_HAL_Driver/Src/stm32f3xx_hal_adc_ex.o
 .debug_aranges
                0x0000000000000500      0x118 Drivers/STM32F3xx_HAL_Driver/Src/stm32f3xx_hal_cortex.o
 .debug_aranges
                0x0000000000000618       0xa8 Drivers/STM32F3xx_HAL_Driver/Src/stm32f3xx_hal_dac.o
 .debug_aranges
                0x00000000000006c0       0xb8 Drivers/STM32F3xx_HAL_Driver/Src/stm32f3xx_hal_dac_ex.o
 .debug_aranges
                0x0000000000000778       0x88 Drivers/STM32F3xx_HAL_Driver/Src/stm32f3xx_hal_dma.o
 .debug_aranges
                0x0000000000000800       0x88 Drivers/STM32F3xx_HAL_Driver/Src/stm32f3xx_hal_flash.o
 .debug_aranges
                0x0000000000000888       0x98 Drivers/STM32F3xx_HAL_Driver/Src/stm32f3xx_hal_flash_ex.o
 .debug_aranges
                0x0000000000000920       0x58 Drivers/STM32F3xx_HAL_Driver/Src/stm32f3xx_hal_gpio.o
 .debug_aranges
                0x0000000000000978       0x50 Drivers/STM32F3xx_HAL_Driver/Src/stm32f3xx_hal_pwr_ex.o
 .debug_aranges
                0x00000000000009c8       0x88 Drivers/STM32F3xx_HAL_Driver/Src/stm32f3xx_hal_rcc.o
 .debug_aranges
                0x0000000000000a50       0x38 Drivers/STM32F3xx_HAL_Driver/Src/stm32f3xx_hal_rcc_ex.o
 .debug_aranges
                0x0000000000000a88      0x1f8 Drivers/STM32F3xx_HAL_Driver/Src/stm32f3xx_hal_sdadc.o
 .debug_aranges
                0x0000000000000c80      0x3d0 Drivers/STM32F3xx_HAL_Driver/Src/stm32f3xx_hal_tim.o
 .debug_aranges
                0x0000000000001050      0x168 Drivers/STM32F3xx_HAL_Driver/Src/stm32f3xx_hal_tim_ex.o
 .debug_aranges
                0x00000000000011b8      0x228 Drivers/STM32F3xx_HAL_Driver/Src/stm32f3xx_hal_uart.o

.debug_ranges   0x0000000000000000     0x12a8
 .debug_ranges  0x0000000000000000       0x28 Core/Src/FlashMemory_F3/ReadWrite.o
 .debug_ranges  0x0000000000000028       0xd0 Core/Src/main.o
 .debug_ranges  0x00000000000000f8       0x68 Core/Src/stm32f3xx_hal_msp.o
 .debug_ranges  0x0000000000000160       0x70 Core/Src/stm32f3xx_it.o
 .debug_ranges  0x00000000000001d0       0x18 Core/Src/system_stm32f3xx.o
 .debug_ranges  0x00000000000001e8       0x20 Core/Startup/startup_stm32f373cctx.o
 .debug_ranges  0x0000000000000208       0xd0 Drivers/STM32F3xx_HAL_Driver/Src/stm32f3xx_hal.o
 .debug_ranges  0x00000000000002d8       0xb8 Drivers/STM32F3xx_HAL_Driver/Src/stm32f3xx_hal_adc.o
 .debug_ranges  0x0000000000000390       0xe8 Drivers/STM32F3xx_HAL_Driver/Src/stm32f3xx_hal_adc_ex.o
 .debug_ranges  0x0000000000000478      0x108 Drivers/STM32F3xx_HAL_Driver/Src/stm32f3xx_hal_cortex.o
 .debug_ranges  0x0000000000000580       0x98 Drivers/STM32F3xx_HAL_Driver/Src/stm32f3xx_hal_dac.o
 .debug_ranges  0x0000000000000618       0xa8 Drivers/STM32F3xx_HAL_Driver/Src/stm32f3xx_hal_dac_ex.o
 .debug_ranges  0x00000000000006c0       0x78 Drivers/STM32F3xx_HAL_Driver/Src/stm32f3xx_hal_dma.o
 .debug_ranges  0x0000000000000738       0x78 Drivers/STM32F3xx_HAL_Driver/Src/stm32f3xx_hal_flash.o
 .debug_ranges  0x00000000000007b0       0x88 Drivers/STM32F3xx_HAL_Driver/Src/stm32f3xx_hal_flash_ex.o
 .debug_ranges  0x0000000000000838       0x48 Drivers/STM32F3xx_HAL_Driver/Src/stm32f3xx_hal_gpio.o
 .debug_ranges  0x0000000000000880       0x40 Drivers/STM32F3xx_HAL_Driver/Src/stm32f3xx_hal_pwr_ex.o
 .debug_ranges  0x00000000000008c0       0x78 Drivers/STM32F3xx_HAL_Driver/Src/stm32f3xx_hal_rcc.o
 .debug_ranges  0x0000000000000938       0x28 Drivers/STM32F3xx_HAL_Driver/Src/stm32f3xx_hal_rcc_ex.o
 .debug_ranges  0x0000000000000960      0x1e8 Drivers/STM32F3xx_HAL_Driver/Src/stm32f3xx_hal_sdadc.o
 .debug_ranges  0x0000000000000b48      0x3c0 Drivers/STM32F3xx_HAL_Driver/Src/stm32f3xx_hal_tim.o
 .debug_ranges  0x0000000000000f08      0x158 Drivers/STM32F3xx_HAL_Driver/Src/stm32f3xx_hal_tim_ex.o
 .debug_ranges  0x0000000000001060      0x248 Drivers/STM32F3xx_HAL_Driver/Src/stm32f3xx_hal_uart.o

.debug_macro    0x0000000000000000    0x1cbf4
 .debug_macro   0x0000000000000000      0x227 Core/Src/FlashMemory_F3/ReadWrite.o
 .debug_macro   0x0000000000000227      0xa5a Core/Src/FlashMemory_F3/ReadWrite.o
 .debug_macro   0x0000000000000c81      0x169 Core/Src/FlashMemory_F3/ReadWrite.o
 .debug_macro   0x0000000000000dea       0x2e Core/Src/FlashMemory_F3/ReadWrite.o
 .debug_macro   0x0000000000000e18       0x28 Core/Src/FlashMemory_F3/ReadWrite.o
 .debug_macro   0x0000000000000e40       0x22 Core/Src/FlashMemory_F3/ReadWrite.o
 .debug_macro   0x0000000000000e62       0x8e Core/Src/FlashMemory_F3/ReadWrite.o
 .debug_macro   0x0000000000000ef0       0x51 Core/Src/FlashMemory_F3/ReadWrite.o
 .debug_macro   0x0000000000000f41       0xef Core/Src/FlashMemory_F3/ReadWrite.o
 .debug_macro   0x0000000000001030       0x6a Core/Src/FlashMemory_F3/ReadWrite.o
 .debug_macro   0x000000000000109a      0x1df Core/Src/FlashMemory_F3/ReadWrite.o
 .debug_macro   0x0000000000001279       0x1c Core/Src/FlashMemory_F3/ReadWrite.o
 .debug_macro   0x0000000000001295       0x22 Core/Src/FlashMemory_F3/ReadWrite.o
 .debug_macro   0x00000000000012b7       0xdf Core/Src/FlashMemory_F3/ReadWrite.o
 .debug_macro   0x0000000000001396     0x102d Core/Src/FlashMemory_F3/ReadWrite.o
 .debug_macro   0x00000000000023c3      0x11f Core/Src/FlashMemory_F3/ReadWrite.o
 .debug_macro   0x00000000000024e2    0x10702 Core/Src/FlashMemory_F3/ReadWrite.o
 .debug_macro   0x0000000000012be4       0x43 Core/Src/FlashMemory_F3/ReadWrite.o
 .debug_macro   0x0000000000012c27     0x35f7 Core/Src/FlashMemory_F3/ReadWrite.o
 .debug_macro   0x000000000001621e      0x174 Core/Src/FlashMemory_F3/ReadWrite.o
 .debug_macro   0x0000000000016392       0x55 Core/Src/FlashMemory_F3/ReadWrite.o
 .debug_macro   0x00000000000163e7      0x95b Core/Src/FlashMemory_F3/ReadWrite.o
 .debug_macro   0x0000000000016d42      0x5dc Core/Src/FlashMemory_F3/ReadWrite.o
 .debug_macro   0x000000000001731e      0x12f Core/Src/FlashMemory_F3/ReadWrite.o
 .debug_macro   0x000000000001744d      0x161 Core/Src/FlashMemory_F3/ReadWrite.o
 .debug_macro   0x00000000000175ae      0x1ab Core/Src/FlashMemory_F3/ReadWrite.o
 .debug_macro   0x0000000000017759      0x1bc Core/Src/FlashMemory_F3/ReadWrite.o
 .debug_macro   0x0000000000017915       0x30 Core/Src/FlashMemory_F3/ReadWrite.o
 .debug_macro   0x0000000000017945       0x3c Core/Src/FlashMemory_F3/ReadWrite.o
 .debug_macro   0x0000000000017981      0x236 Core/Src/FlashMemory_F3/ReadWrite.o
 .debug_macro   0x0000000000017bb7      0x504 Core/Src/FlashMemory_F3/ReadWrite.o
 .debug_macro   0x00000000000180bb       0x77 Core/Src/FlashMemory_F3/ReadWrite.o
 .debug_macro   0x0000000000018132      0x176 Core/Src/FlashMemory_F3/ReadWrite.o
 .debug_macro   0x00000000000182a8       0x6c Core/Src/FlashMemory_F3/ReadWrite.o
 .debug_macro   0x0000000000018314       0xc5 Core/Src/FlashMemory_F3/ReadWrite.o
 .debug_macro   0x00000000000183d9      0x231 Core/Src/FlashMemory_F3/ReadWrite.o
 .debug_macro   0x000000000001860a      0x22c Core/Src/FlashMemory_F3/ReadWrite.o
 .debug_macro   0x0000000000018836       0x5b Core/Src/FlashMemory_F3/ReadWrite.o
 .debug_macro   0x0000000000018891       0xa5 Core/Src/FlashMemory_F3/ReadWrite.o
 .debug_macro   0x0000000000018936       0x81 Core/Src/FlashMemory_F3/ReadWrite.o
 .debug_macro   0x00000000000189b7       0xec Core/Src/FlashMemory_F3/ReadWrite.o
 .debug_macro   0x0000000000018aa3      0x30c Core/Src/FlashMemory_F3/ReadWrite.o
 .debug_macro   0x0000000000018daf      0x8d8 Core/Src/FlashMemory_F3/ReadWrite.o
 .debug_macro   0x0000000000019687       0x41 Core/Src/FlashMemory_F3/ReadWrite.o
 .debug_macro   0x00000000000196c8      0x5a5 Core/Src/FlashMemory_F3/ReadWrite.o
 .debug_macro   0x0000000000019c6d       0x3e Core/Src/FlashMemory_F3/ReadWrite.o
 .debug_macro   0x0000000000019cab      0x244 Core/Src/FlashMemory_F3/ReadWrite.o
 .debug_macro   0x0000000000019eef       0x4c Core/Src/FlashMemory_F3/ReadWrite.o
 .debug_macro   0x0000000000019f3b      0x227 Core/Src/main.o
 .debug_macro   0x000000000001a162      0x21d Core/Src/stm32f3xx_hal_msp.o
 .debug_macro   0x000000000001a37f      0x227 Core/Src/stm32f3xx_it.o
 .debug_macro   0x000000000001a5a6      0x20e Core/Src/system_stm32f3xx.o
 .debug_macro   0x000000000001a7b4      0x232 Drivers/STM32F3xx_HAL_Driver/Src/stm32f3xx_hal.o
 .debug_macro   0x000000000001a9e6      0x20f Drivers/STM32F3xx_HAL_Driver/Src/stm32f3xx_hal_adc.o
 .debug_macro   0x000000000001abf5      0x272 Drivers/STM32F3xx_HAL_Driver/Src/stm32f3xx_hal_adc_ex.o
 .debug_macro   0x000000000001ae67      0x20e Drivers/STM32F3xx_HAL_Driver/Src/stm32f3xx_hal_cortex.o
 .debug_macro   0x000000000001b075      0x20f Drivers/STM32F3xx_HAL_Driver/Src/stm32f3xx_hal_dac.o
 .debug_macro   0x000000000001b284      0x20e Drivers/STM32F3xx_HAL_Driver/Src/stm32f3xx_hal_dac_ex.o
 .debug_macro   0x000000000001b492      0x20e Drivers/STM32F3xx_HAL_Driver/Src/stm32f3xx_hal_dma.o
 .debug_macro   0x000000000001b6a0      0x20e Drivers/STM32F3xx_HAL_Driver/Src/stm32f3xx_hal_flash.o
 .debug_macro   0x000000000001b8ae      0x220 Drivers/STM32F3xx_HAL_Driver/Src/stm32f3xx_hal_flash_ex.o
 .debug_macro   0x000000000001bace      0x246 Drivers/STM32F3xx_HAL_Driver/Src/stm32f3xx_hal_gpio.o
 .debug_macro   0x000000000001bd14      0x226 Drivers/STM32F3xx_HAL_Driver/Src/stm32f3xx_hal_pwr_ex.o
 .debug_macro   0x000000000001bf3a      0x232 Drivers/STM32F3xx_HAL_Driver/Src/stm32f3xx_hal_rcc.o
 .debug_macro   0x000000000001c16c      0x20e Drivers/STM32F3xx_HAL_Driver/Src/stm32f3xx_hal_rcc_ex.o
 .debug_macro   0x000000000001c37a      0x232 Drivers/STM32F3xx_HAL_Driver/Src/stm32f3xx_hal_sdadc.o
 .debug_macro   0x000000000001c5ac      0x20f Drivers/STM32F3xx_HAL_Driver/Src/stm32f3xx_hal_tim.o
 .debug_macro   0x000000000001c7bb      0x20e Drivers/STM32F3xx_HAL_Driver/Src/stm32f3xx_hal_tim_ex.o
 .debug_macro   0x000000000001c9c9      0x22b Drivers/STM32F3xx_HAL_Driver/Src/stm32f3xx_hal_uart.o

.debug_line     0x0000000000000000    0x10a3a
 .debug_line    0x0000000000000000      0x8c4 Core/Src/FlashMemory_F3/ReadWrite.o
 .debug_line    0x00000000000008c4      0xb4d Core/Src/main.o
 .debug_line    0x0000000000001411      0x916 Core/Src/stm32f3xx_hal_msp.o
 .debug_line    0x0000000000001d27      0x847 Core/Src/stm32f3xx_it.o
 .debug_line    0x000000000000256e      0x774 Core/Src/system_stm32f3xx.o
 .debug_line    0x0000000000002ce2       0x88 Core/Startup/startup_stm32f373cctx.o
 .debug_line    0x0000000000002d6a      0x932 Drivers/STM32F3xx_HAL_Driver/Src/stm32f3xx_hal.o
 .debug_line    0x000000000000369c      0x8e1 Drivers/STM32F3xx_HAL_Driver/Src/stm32f3xx_hal_adc.o
 .debug_line    0x0000000000003f7d      0xe2a Drivers/STM32F3xx_HAL_Driver/Src/stm32f3xx_hal_adc_ex.o
 .debug_line    0x0000000000004da7      0xa67 Drivers/STM32F3xx_HAL_Driver/Src/stm32f3xx_hal_cortex.o
 .debug_line    0x000000000000580e      0x8b8 Drivers/STM32F3xx_HAL_Driver/Src/stm32f3xx_hal_dac.o
 .debug_line    0x00000000000060c6      0x9d4 Drivers/STM32F3xx_HAL_Driver/Src/stm32f3xx_hal_dac_ex.o
 .debug_line    0x0000000000006a9a      0x971 Drivers/STM32F3xx_HAL_Driver/Src/stm32f3xx_hal_dma.o
 .debug_line    0x000000000000740b      0x917 Drivers/STM32F3xx_HAL_Driver/Src/stm32f3xx_hal_flash.o
 .debug_line    0x0000000000007d22      0x9be Drivers/STM32F3xx_HAL_Driver/Src/stm32f3xx_hal_flash_ex.o
 .debug_line    0x00000000000086e0      0x8e5 Drivers/STM32F3xx_HAL_Driver/Src/stm32f3xx_hal_gpio.o
 .debug_line    0x0000000000008fc5      0x7e0 Drivers/STM32F3xx_HAL_Driver/Src/stm32f3xx_hal_pwr_ex.o
 .debug_line    0x00000000000097a5      0xeab Drivers/STM32F3xx_HAL_Driver/Src/stm32f3xx_hal_rcc.o
 .debug_line    0x000000000000a650      0x990 Drivers/STM32F3xx_HAL_Driver/Src/stm32f3xx_hal_rcc_ex.o
 .debug_line    0x000000000000afe0     0x1029 Drivers/STM32F3xx_HAL_Driver/Src/stm32f3xx_hal_sdadc.o
 .debug_line    0x000000000000c009     0x2357 Drivers/STM32F3xx_HAL_Driver/Src/stm32f3xx_hal_tim.o
 .debug_line    0x000000000000e360     0x144a Drivers/STM32F3xx_HAL_Driver/Src/stm32f3xx_hal_tim_ex.o
 .debug_line    0x000000000000f7aa     0x1290 Drivers/STM32F3xx_HAL_Driver/Src/stm32f3xx_hal_uart.o

.debug_str      0x0000000000000000    0xaad51
 .debug_str     0x0000000000000000    0xa5328 Core/Src/FlashMemory_F3/ReadWrite.o
                                      0xa59e9 (size before relaxing)
 .debug_str     0x00000000000a5328     0x14ef Core/Src/main.o
                                      0xa706d (size before relaxing)
 .debug_str     0x00000000000a6817      0x113 Core/Src/stm32f3xx_hal_msp.o
                                      0xa69be (size before relaxing)
 .debug_str     0x00000000000a692a      0x101 Core/Src/stm32f3xx_it.o
                                      0xa5dcf (size before relaxing)
 .debug_str     0x00000000000a6a2b       0xb3 Core/Src/system_stm32f3xx.o
                                      0xa582b (size before relaxing)
 .debug_str     0x00000000000a6ade       0x36 Core/Startup/startup_stm32f373cctx.o
                                         0x6f (size before relaxing)
 .debug_str     0x00000000000a6b14      0x311 Drivers/STM32F3xx_HAL_Driver/Src/stm32f3xx_hal.o
                                      0xa5f6a (size before relaxing)
 .debug_str     0x00000000000a6e25      0x22a Drivers/STM32F3xx_HAL_Driver/Src/stm32f3xx_hal_adc.o
                                      0xa5d00 (size before relaxing)
 .debug_str     0x00000000000a704f      0x577 Drivers/STM32F3xx_HAL_Driver/Src/stm32f3xx_hal_adc_ex.o
                                      0xa620c (size before relaxing)
 .debug_str     0x00000000000a75c6      0x38c Drivers/STM32F3xx_HAL_Driver/Src/stm32f3xx_hal_cortex.o
                                      0xa6078 (size before relaxing)
 .debug_str     0x00000000000a7952      0x17c Drivers/STM32F3xx_HAL_Driver/Src/stm32f3xx_hal_dac.o
                                      0xa5c5f (size before relaxing)
 .debug_str     0x00000000000a7ace      0x1a5 Drivers/STM32F3xx_HAL_Driver/Src/stm32f3xx_hal_dac_ex.o
                                      0xa5cf1 (size before relaxing)
 .debug_str     0x00000000000a7c73      0x248 Drivers/STM32F3xx_HAL_Driver/Src/stm32f3xx_hal_dma.o
                                      0xa5ba5 (size before relaxing)
 .debug_str     0x00000000000a7ebb      0x275 Drivers/STM32F3xx_HAL_Driver/Src/stm32f3xx_hal_flash.o
                                      0xa5a88 (size before relaxing)
 .debug_str     0x00000000000a8130      0x352 Drivers/STM32F3xx_HAL_Driver/Src/stm32f3xx_hal_flash_ex.o
                                      0xa5c85 (size before relaxing)
 .debug_str     0x00000000000a8482      0x20e Drivers/STM32F3xx_HAL_Driver/Src/stm32f3xx_hal_gpio.o
                                      0xa5a69 (size before relaxing)
 .debug_str     0x00000000000a8690      0x134 Drivers/STM32F3xx_HAL_Driver/Src/stm32f3xx_hal_pwr_ex.o
                                      0xa5910 (size before relaxing)
 .debug_str     0x00000000000a87c4      0x2d2 Drivers/STM32F3xx_HAL_Driver/Src/stm32f3xx_hal_rcc.o
                                      0xa5c99 (size before relaxing)
 .debug_str     0x00000000000a8a96       0xd9 Drivers/STM32F3xx_HAL_Driver/Src/stm32f3xx_hal_rcc_ex.o
                                      0xa59fb (size before relaxing)
 .debug_str     0x00000000000a8b6f      0x704 Drivers/STM32F3xx_HAL_Driver/Src/stm32f3xx_hal_sdadc.o
                                      0xa63ac (size before relaxing)
 .debug_str     0x00000000000a9273      0xd78 Drivers/STM32F3xx_HAL_Driver/Src/stm32f3xx_hal_tim.o
                                      0xa6b81 (size before relaxing)
 .debug_str     0x00000000000a9feb      0x517 Drivers/STM32F3xx_HAL_Driver/Src/stm32f3xx_hal_tim_ex.o
                                      0xa635b (size before relaxing)
 .debug_str     0x00000000000aa502      0x84f Drivers/STM32F3xx_HAL_Driver/Src/stm32f3xx_hal_uart.o
                                      0xa6486 (size before relaxing)

.comment        0x0000000000000000       0x7b
 .comment       0x0000000000000000       0x7b Core/Src/FlashMemory_F3/ReadWrite.o
                                         0x7c (size before relaxing)
 .comment       0x000000000000007b       0x7c Core/Src/main.o
 .comment       0x000000000000007b       0x7c Core/Src/stm32f3xx_hal_msp.o
 .comment       0x000000000000007b       0x7c Core/Src/stm32f3xx_it.o
 .comment       0x000000000000007b       0x7c Core/Src/system_stm32f3xx.o
 .comment       0x000000000000007b       0x7c Drivers/STM32F3xx_HAL_Driver/Src/stm32f3xx_hal.o
 .comment       0x000000000000007b       0x7c Drivers/STM32F3xx_HAL_Driver/Src/stm32f3xx_hal_adc.o
 .comment       0x000000000000007b       0x7c Drivers/STM32F3xx_HAL_Driver/Src/stm32f3xx_hal_adc_ex.o
 .comment       0x000000000000007b       0x7c Drivers/STM32F3xx_HAL_Driver/Src/stm32f3xx_hal_cortex.o
 .comment       0x000000000000007b       0x7c Drivers/STM32F3xx_HAL_Driver/Src/stm32f3xx_hal_dac.o
 .comment       0x000000000000007b       0x7c Drivers/STM32F3xx_HAL_Driver/Src/stm32f3xx_hal_dac_ex.o
 .comment       0x000000000000007b       0x7c Drivers/STM32F3xx_HAL_Driver/Src/stm32f3xx_hal_dma.o
 .comment       0x000000000000007b       0x7c Drivers/STM32F3xx_HAL_Driver/Src/stm32f3xx_hal_flash.o
 .comment       0x000000000000007b       0x7c Drivers/STM32F3xx_HAL_Driver/Src/stm32f3xx_hal_flash_ex.o
 .comment       0x000000000000007b       0x7c Drivers/STM32F3xx_HAL_Driver/Src/stm32f3xx_hal_gpio.o
 .comment       0x000000000000007b       0x7c Drivers/STM32F3xx_HAL_Driver/Src/stm32f3xx_hal_pwr_ex.o
 .comment       0x000000000000007b       0x7c Drivers/STM32F3xx_HAL_Driver/Src/stm32f3xx_hal_rcc.o
 .comment       0x000000000000007b       0x7c Drivers/STM32F3xx_HAL_Driver/Src/stm32f3xx_hal_rcc_ex.o
 .comment       0x000000000000007b       0x7c Drivers/STM32F3xx_HAL_Driver/Src/stm32f3xx_hal_sdadc.o
 .comment       0x000000000000007b       0x7c Drivers/STM32F3xx_HAL_Driver/Src/stm32f3xx_hal_tim.o
 .comment       0x000000000000007b       0x7c Drivers/STM32F3xx_HAL_Driver/Src/stm32f3xx_hal_tim_ex.o
 .comment       0x000000000000007b       0x7c Drivers/STM32F3xx_HAL_Driver/Src/stm32f3xx_hal_uart.o

.debug_frame    0x0000000000000000     0x53b4
 .debug_frame   0x0000000000000000       0xac Core/Src/FlashMemory_F3/ReadWrite.o
 .debug_frame   0x00000000000000ac      0x38c Core/Src/main.o
 .debug_frame   0x0000000000000438      0x1cc Core/Src/stm32f3xx_hal_msp.o
 .debug_frame   0x0000000000000604      0x174 Core/Src/stm32f3xx_it.o
 .debug_frame   0x0000000000000778       0x58 Core/Src/system_stm32f3xx.o
 .debug_frame   0x00000000000007d0      0x334 Drivers/STM32F3xx_HAL_Driver/Src/stm32f3xx_hal.o
 .debug_frame   0x0000000000000b04      0x380 Drivers/STM32F3xx_HAL_Driver/Src/stm32f3xx_hal_adc.o
 .debug_frame   0x0000000000000e84      0x41c Drivers/STM32F3xx_HAL_Driver/Src/stm32f3xx_hal_adc_ex.o
 .debug_frame   0x00000000000012a0      0x498 Drivers/STM32F3xx_HAL_Driver/Src/stm32f3xx_hal_cortex.o
 .debug_frame   0x0000000000001738      0x2d4 Drivers/STM32F3xx_HAL_Driver/Src/stm32f3xx_hal_dac.o
 .debug_frame   0x0000000000001a0c      0x310 Drivers/STM32F3xx_HAL_Driver/Src/stm32f3xx_hal_dac_ex.o
 .debug_frame   0x0000000000001d1c      0x224 Drivers/STM32F3xx_HAL_Driver/Src/stm32f3xx_hal_dma.o
 .debug_frame   0x0000000000001f40      0x214 Drivers/STM32F3xx_HAL_Driver/Src/stm32f3xx_hal_flash.o
 .debug_frame   0x0000000000002154      0x258 Drivers/STM32F3xx_HAL_Driver/Src/stm32f3xx_hal_flash_ex.o
 .debug_frame   0x00000000000023ac      0x14c Drivers/STM32F3xx_HAL_Driver/Src/stm32f3xx_hal_gpio.o
 .debug_frame   0x00000000000024f8      0x104 Drivers/STM32F3xx_HAL_Driver/Src/stm32f3xx_hal_pwr_ex.o
 .debug_frame   0x00000000000025fc      0x214 Drivers/STM32F3xx_HAL_Driver/Src/stm32f3xx_hal_rcc.o
 .debug_frame   0x0000000000002810       0xb0 Drivers/STM32F3xx_HAL_Driver/Src/stm32f3xx_hal_rcc_ex.o
 .debug_frame   0x00000000000028c0      0x8d4 Drivers/STM32F3xx_HAL_Driver/Src/stm32f3xx_hal_sdadc.o
 .debug_frame   0x0000000000003194     0x11bc Drivers/STM32F3xx_HAL_Driver/Src/stm32f3xx_hal_tim.o
 .debug_frame   0x0000000000004350      0x638 Drivers/STM32F3xx_HAL_Driver/Src/stm32f3xx_hal_tim_ex.o
 .debug_frame   0x0000000000004988      0x9e0 Drivers/STM32F3xx_HAL_Driver/Src/stm32f3xx_hal_uart.o
 .debug_frame   0x0000000000005368       0x2c /home/dell/program/STM32CubeIde/plugins/com.st.stm32cube.ide.mcu.externaltools.gnu-tools-for-stm32.7-2018-q2-update.linux64_1.5.0.202011040924/tools/bin/../lib/gcc/arm-none-eabi/7.3.1/../../../../arm-none-eabi/lib/thumb/v7e-m/fpv4-sp/hard/libc_nano.a(lib_a-init.o)
 .debug_frame   0x0000000000005394       0x20 /home/dell/program/STM32CubeIde/plugins/com.st.stm32cube.ide.mcu.externaltools.gnu-tools-for-stm32.7-2018-q2-update.linux64_1.5.0.202011040924/tools/bin/../lib/gcc/arm-none-eabi/7.3.1/../../../../arm-none-eabi/lib/thumb/v7e-m/fpv4-sp/hard/libc_nano.a(lib_a-memset.o)
